Component: Arm Compiler for Embedded 6.19 Tool: armlink [5e73cb00]

==============================================================================

Section Cross References

    gpio.o(.text.Gpio_init) refers to gpio.o(.text.Gpio_SetPinValue) for Gpio_SetPinValue
    gpio.o(.text.Gpio_init) refers to gpio.o(.text.Gpio_ClearPinValue) for Gpio_ClearPinValue
    gpio.o(.ARM.exidx.text.Gpio_init) refers to gpio.o(.text.Gpio_init) for [Anonymous Symbol]
    gpio.o(.ARM.exidx.text.Gpio_SetPinValue) refers to gpio.o(.text.Gpio_SetPinValue) for [Anonymous Symbol]
    gpio.o(.ARM.exidx.text.Gpio_ClearPinValue) refers to gpio.o(.text.Gpio_ClearPinValue) for [Anonymous Symbol]
    gpio.o(.text.Gpio_blinkWhite) refers to gpio.o(.text.Gpio_ClearPinValue) for Gpio_ClearPinValue
    gpio.o(.text.Gpio_blinkWhite) refers to gpio.o(.text.Gpio_SetPinValue) for Gpio_SetPinValue
    gpio.o(.ARM.exidx.text.Gpio_blinkWhite) refers to gpio.o(.text.Gpio_blinkWhite) for [Anonymous Symbol]
    gpio.o(.text.Gpio_ledOff) refers to gpio.o(.text.Gpio_SetPinValue) for Gpio_SetPinValue
    gpio.o(.ARM.exidx.text.Gpio_ledOff) refers to gpio.o(.text.Gpio_ledOff) for [Anonymous Symbol]
    gpio.o(.text.Ggio_blinkLed) refers to gpio.o(.text.Gpio_ledOff) for Gpio_ledOff
    gpio.o(.text.Ggio_blinkLed) refers to gpio.o(.data.tmp_color) for tmp_color
    gpio.o(.text.Ggio_blinkLed) refers to gpio.o(.text.Gpio_ClearPinValue) for Gpio_ClearPinValue
    gpio.o(.text.Ggio_blinkLed) refers to gpio.o(.text.Gpio_switchColor) for Gpio_switchColor
    gpio.o(.ARM.exidx.text.Ggio_blinkLed) refers to gpio.o(.text.Ggio_blinkLed) for [Anonymous Symbol]
    gpio.o(.text.Gpio_switchColor) refers to gpio.o(.data.tmp_color) for tmp_color
    gpio.o(.ARM.exidx.text.Gpio_switchColor) refers to gpio.o(.text.Gpio_switchColor) for [Anonymous Symbol]
    gpio.o(.text.Ggio_blinkLed_Blue) refers to gpio.o(.text.Gpio_TogglePinValue) for Gpio_TogglePinValue
    gpio.o(.ARM.exidx.text.Ggio_blinkLed_Blue) refers to gpio.o(.text.Ggio_blinkLed_Blue) for [Anonymous Symbol]
    gpio.o(.ARM.exidx.text.Gpio_TogglePinValue) refers to gpio.o(.text.Gpio_TogglePinValue) for [Anonymous Symbol]
    gpio.o(.text.Ggio_blinkLed_Green) refers to gpio.o(.text.Gpio_TogglePinValue) for Gpio_TogglePinValue
    gpio.o(.ARM.exidx.text.Ggio_blinkLed_Green) refers to gpio.o(.text.Ggio_blinkLed_Green) for [Anonymous Symbol]
    gpio.o(.ARM.exidx.text.Gpio_GetPinValue) refers to gpio.o(.text.Gpio_GetPinValue) for [Anonymous Symbol]
    gpio_isr.o(.text.PORTC_IRQHandler) refers to gpio.o(.text.Gpio_GetPinValue) for Gpio_GetPinValue
    gpio_isr.o(.text.PORTC_IRQHandler) refers to gpio.o(.text.Gpio_SetPinValue) for Gpio_SetPinValue
    gpio_isr.o(.text.PORTC_IRQHandler) refers to spi.o(.text.Lpsi_minuteIncrease) for Lpsi_minuteIncrease
    gpio_isr.o(.text.PORTC_IRQHandler) refers to spi.o(.text.Lpsi_hourIncrease) for Lpsi_hourIncrease
    gpio_isr.o(.ARM.exidx.text.PORTC_IRQHandler) refers to gpio_isr.o(.text.PORTC_IRQHandler) for [Anonymous Symbol]
    main.o(.text.main) refers to gpio.o(.text.Gpio_init) for Gpio_init
    main.o(.text.main) refers to spi.o(.text.Lpspi_init) for Lpspi_init
    main.o(.text.main) refers to lpuart.o(.text.Uart_init) for Uart_init
    main.o(.text.main) refers to main.o(.bss.softTimer) for softTimer
    main.o(.text.main) refers to softtimer.o(.text.Softtimer_Init) for Softtimer_Init
    main.o(.text.main) refers to softtimer.o(.bss.timeCounterMs) for timeCounterMs
    main.o(.text.main) refers to spi.o(.text.Lpsi_clockBlinking) for Lpsi_clockBlinking
    main.o(.text.main) refers to softtimer.o(.text.Softtimer_StartTimer) for Softtimer_StartTimer
    main.o(.text.main) refers to spi.o(.text.Lpsi_clockIncrease) for Lpsi_clockIncrease
    main.o(.text.main) refers to gpio.o(.text.Ggio_blinkLed) for Ggio_blinkLed
    main.o(.text.main) refers to gpio.o(.text.Ggio_blinkLed_Blue) for Ggio_blinkLed_Blue
    main.o(.text.main) refers to lpuart.o(.text.Buffer_init) for Buffer_init
    main.o(.text.main) refers to gpio.o(.text.Gpio_ledOff) for Gpio_ledOff
    main.o(.text.main) refers to spi.o(.text.Lpspi_AlarmInit) for Lpspi_AlarmInit
    main.o(.text.main) refers to main.o(.bss.stateClock) for stateClock
    main.o(.text.main) refers to main.o(.rodata.str1.1) for .L.str
    main.o(.text.main) refers to lpuart.o(.text.Uart_Transmit) for Uart_Transmit
    main.o(.text.main) refers to lpuart.o(.text.Uart_TxMainFunction) for Uart_TxMainFunction
    main.o(.text.main) refers to lpuart.o(.bss.rxBuffer) for rxBuffer
    main.o(.text.main) refers to lpuart.o(.text.Uart_ReceiveData) for Uart_ReceiveData
    main.o(.text.main) refers to spi.o(.bss.alarm) for alarm
    main.o(.text.main) refers to spi.o(.text.Lpspi_Alarmshow) for Lpspi_Alarmshow
    main.o(.text.main) refers to softtimer.o(.text.Softtimer_MainFunction) for Softtimer_MainFunction
    main.o(.text.main) refers to spi.o(.bss.tmp_alarm) for tmp_alarm
[...]
    lpuart.o(.text.Uart_Transmit) refers to lpuart.o(.bss.txBuffer) for txBuffer
    lpuart.o(.ARM.exidx.text.Uart_Transmit) refers to lpuart.o(.text.Uart_Transmit) for [Anonymous Symbol]
    lpuart.o(.text.Uart_TxMainFunction) refers to lpuart.o(.data.u1_TransmitState) for u1_TransmitState
    lpuart.o(.text.Uart_TxMainFunction) refers to lpuart.o(.bss.txBuffer) for txBuffer
    lpuart.o(.text.Uart_TxMainFunction) refers to lpuart.o(.bss.Uart_TxMainFunction.u4_BufferCount) for Uart_TxMainFunction.u4_BufferCount
    lpuart.o(.ARM.exidx.text.Uart_TxMainFunction) refers to lpuart.o(.text.Uart_TxMainFunction) for [Anonymous Symbol]
    lpuart.o(.text.Uart_GetTransmitState) refers to lpuart.o(.data.u1_TransmitState) for u1_TransmitState
    lpuart.o(.ARM.exidx.text.Uart_GetTransmitState) refers to lpuart.o(.text.Uart_GetTransmitState) for [Anonymous Symbol]
    lpuart.o(.text.Uart_RxMainFunction) refers to lpuart.o(.bss.rxBuffer) for rxBuffer
    lpuart.o(.text.Uart_RxMainFunction) refers to lpuart.o(.data.u1_ReceiveState) for u1_ReceiveState
    lpuart.o(.ARM.exidx.text.Uart_RxMainFunction) refers to lpuart.o(.text.Uart_RxMainFunction) for [Anonymous Symbol]
    lpuart.o(.text.Uart_ReceiveData) refers to lpuart.o(.data.u1_ReceiveState) for u1_ReceiveState
    lpuart.o(.text.Uart_ReceiveData) refers to lpuart.o(.bss.rxBuffer) for rxBuffer
    lpuart.o(.text.Uart_ReceiveData) refers to main.o(.bss.stateClock) for stateClock
    lpuart.o(.text.Uart_ReceiveData) refers to spi.o(.bss.tmp_alarm) for tmp_alarm
    lpuart.o(.text.Uart_ReceiveData) refers to spi.o(.text.Lpspi_clockSet) for Lpspi_clockSet
    lpuart.o(.text.Uart_ReceiveData) refers to spi.o(.bss.alarm) for alarm
    lpuart.o(.text.Uart_ReceiveData) refers to lpuart.o(.bss.u4_ReceiveLength) for u4_ReceiveLength
    lpuart.o(.ARM.exidx.text.Uart_ReceiveData) refers to lpuart.o(.text.Uart_ReceiveData) for [Anonymous Symbol]
    lpuart.o(.text.Uart_GetReceiveState) refers to lpuart.o(.data.u1_ReceiveState) for u1_ReceiveState
    lpuart.o(.ARM.exidx.text.Uart_GetReceiveState) refers to lpuart.o(.text.Uart_GetReceiveState) for [Anonymous Symbol]
    lpuart.o(.text.LPUART1_RxTx_IRQHandler) refers to lpuart.o(.text.Uart_RxMainFunction) for Uart_RxMainFunction
    lpuart.o(.ARM.exidx.text.LPUART1_RxTx_IRQHandler) refers to lpuart.o(.text.LPUART1_RxTx_IRQHandler) for [Anonymous Symbol]
    spi.o(.ARM.exidx.text.Lpspi_init) refers to spi.o(.text.Lpspi_init) for [Anonymous Symbol]
    spi.o(.ARM.exidx.text.Lpspi_sendChar) refers to spi.o(.text.Lpspi_sendChar) for [Anonymous Symbol]
    spi.o(.text.Lpsi_clockIncrease) refers to spi.o(.bss.alarm) for alarm
    spi.o(.text.Lpsi_clockIncrease) refers to spi.o(.text.Lpspi_checkAlarmOff) for Lpspi_checkAlarmOff
    spi.o(.ARM.exidx.text.Lpsi_clockIncrease) refers to spi.o(.text.Lpsi_clockIncrease) for [Anonymous Symbol]
    spi.o(.text.Lpspi_checkAlarmOff) refers to spi.o(.bss.alarm) for alarm
    spi.o(.text.Lpspi_checkAlarmOff) refers to spi.o(.bss.tmp_alarm) for tmp_alarm
    spi.o(.text.Lpspi_checkAlarmOff) refers to main.o(.bss.stateClock) for stateClock
    spi.o(.ARM.exidx.text.Lpspi_checkAlarmOff) refers to spi.o(.text.Lpspi_checkAlarmOff) for [Anonymous Symbol]
    spi.o(.text.Lpspi_Alarmshow) refers to spi.o(.text.Lpspi_AlarmSend) for Lpspi_AlarmSend
    spi.o(.ARM.exidx.text.Lpspi_Alarmshow) refers to spi.o(.text.Lpspi_Alarmshow) for [Anonymous Symbol]
    spi.o(.text.Lpspi_AlarmSend) refers to spi.o(.text.Lpspi_sendChar) for Lpspi_sendChar
    spi.o(.ARM.exidx.text.Lpspi_AlarmSend) refers to spi.o(.text.Lpspi_AlarmSend) for [Anonymous Symbol]
    spi.o(.text.Lpspi_clockSet) refers to spi.o(.data.pos) for pos
    spi.o(.text.Lpspi_clockSet) refers to main.o(.bss.stateClock) for stateClock
    spi.o(.ARM.exidx.text.Lpspi_clockSet) refers to spi.o(.text.Lpspi_clockSet) for [Anonymous Symbol]
    spi.o(.text.Lpsi_minuteIncrease) refers to spi.o(.bss.alarm) for alarm
    spi.o(.ARM.exidx.text.Lpsi_minuteIncrease) refers to spi.o(.text.Lpsi_minuteIncrease) for [Anonymous Symbol]
    spi.o(.text.Lpsi_hourIncrease) refers to spi.o(.bss.alarm) for alarm
    spi.o(.ARM.exidx.text.Lpsi_hourIncrease) refers to spi.o(.text.Lpsi_hourIncrease) for [Anonymous Symbol]
    spi.o(.text.Lpspi_AlarmInit) refers to spi.o(.bss.alarm) for alarm
    spi.o(.text.Lpspi_AlarmInit) refers to spi.o(.bss.tmp_alarm) for tmp_alarm
    spi.o(.ARM.exidx.text.Lpspi_AlarmInit) refers to spi.o(.text.Lpspi_AlarmInit) for [Anonymous Symbol]
    spi.o(.text.Lpsi_clockBlinking) refers to spi.o(.bss.Lpsi_clockBlinking.blinkState) for Lpsi_clockBlinking.blinkState
    spi.o(.text.Lpsi_clockBlinking) refers to spi.o(.bss.clockDummy) for clockDummy
    spi.o(.text.Lpsi_clockBlinking) refers to spi.o(.text.Lpspi_Alarmshow) for Lpspi_Alarmshow
    spi.o(.ARM.exidx.text.Lpsi_clockBlinking) refers to spi.o(.text.Lpsi_clockBlinking) for [Anonymous Symbol]
    startup.o(.text.init_data_bss) refers to startup_s32k144.o(.text) for __RAM_VECTOR_TABLE_SIZE
    startup.o(.text.init_data_bss) refers to startup.o(.rodata.s_vectors) for s_vectors
    startup.o(.ARM.exidx.text.init_data_bss) refers to startup.o(.text.init_data_bss) for [Anonymous Symbol]
    startup_s32k144.o(.text) refers (Special) to main.o(.text.main) for main
    startup_s32k144.o(.text) refers to startup_s32k144.o(FlashConfig) for FlashConfig
    startup_s32k144.o(.text) refers to startup_s32k144.o(RESET) for __Vectors
    startup_s32k144.o(.text) refers to system_s32k144.o(.text.SystemInit) for SystemInit
    startup_s32k144.o(.text) refers to startup.o(.text.init_data_bss) for init_data_bss
    startup_s32k144.o(.text) refers to __main.o(!!!main) for __main
    startup_s32k144.o(RESET) refers (Special) to main.o(.text.main) for main
    startup_s32k144.o(RESET) refers to startup_s32k144.o(.text) for Reset_Handler
    startup_s32k144.o(RESET) refers to softtimer.o(.text.SysTick_Handler) for SysTick_Handler
    startup_s32k144.o(RESET) refers to lpuart.o(.text.LPUART1_RxTx_IRQHandler) for LPUART1_RxTx_IRQHandler
    startup_s32k144.o(RESET) refers to gpio_isr.o(.text.PORTC_IRQHandler) for PORTC_IRQHandler
    startup_s32k144.o(FlashConfig) refers (Special) to main.o(.text.main) for main
    system_s32k144.o(.ARM.exidx.text.SystemInit) refers to system_s32k144.o(.text.SystemInit) for [Anonymous Symbol]
    system_s32k144.o(.text.SystemCoreClockUpdate) refers to system_s32k144.o(.rodata.SystemCoreClockUpdate.fircFreq) for SystemCoreClockUpdate.fircFreq
    system_s32k144.o(.text.SystemCoreClockUpdate) refers to system_s32k144.o(.data.SystemCoreClock) for SystemCoreClock
    system_s32k144.o(.ARM.exidx.text.SystemCoreClockUpdate) refers to system_s32k144.o(.text.SystemCoreClockUpdate) for [Anonymous Symbol]
    system_s32k144.o(.ARM.exidx.text.SystemSoftwareReset) refers to system_s32k144.o(.text.SystemSoftwareReset) for [Anonymous Symbol]
    __main.o(!!!main) refers to __rtentry.o(.ARM.Collect$$rtentry$$00000000) for __rt_entry
    __rtentry.o(.ARM.Collect$$rtentry$$00000000) refers (Special) to __rtentry2.o(.ARM.Collect$$rtentry$$0000000A) for __rt_entry_li
    __rtentry.o(.ARM.Collect$$rtentry$$00000000) refers (Special) to __rtentry2.o(.ARM.Collect$$rtentry$$0000000D) for __rt_entry_main
    __rtentry.o(.ARM.Collect$$rtentry$$00000000) refers (Special) to __rtentry2.o(.ARM.Collect$$rtentry$$0000000C) for __rt_entry_postli_1
    __rtentry.o(.ARM.Collect$$rtentry$$00000000) refers (Special) to __rtentry2.o(.ARM.Collect$$rtentry$$00000009) for __rt_entry_postsh_1
    __rtentry.o(.ARM.Collect$$rtentry$$00000000) refers (Special) to __rtentry2.o(.ARM.Collect$$rtentry$$00000002) for __rt_entry_presh_1
    __rtentry.o(.ARM.Collect$$rtentry$$00000000) refers (Special) to __rtentry7.o(.ARM.Collect$$rtentry$$00000007) for __rt_entry_sh
    __rtentry2.o(.ARM.Collect$$rtentry$$00000008) refers to boardinit2.o(.text) for _platform_post_stackheap_init
    __rtentry2.o(.ARM.Collect$$rtentry$$0000000A) refers to libinit.o(.ARM.Collect$$libinit$$00000000) for __rt_lib_init
    __rtentry2.o(.ARM.Collect$$rtentry$$0000000B) refers to boardinit3.o(.text) for _platform_post_lib_init
    __rtentry2.o(.ARM.Collect$$rtentry$$0000000D) refers to main.o(.text.main) for main
    __rtentry2.o(.ARM.Collect$$rtentry$$0000000D) refers to exit.o(.text) for exit
    __rtentry2.o(.ARM.exidx) refers to __rtentry2.o(.ARM.Collect$$rtentry$$00000001) for .ARM.Collect$$rtentry$$00000001
    __rtentry2.o(.ARM.exidx) refers to __rtentry2.o(.ARM.Collect$$rtentry$$00000008) for .ARM.Collect$$rtentry$$00000008
    __rtentry2.o(.ARM.exidx) refers to __rtentry2.o(.ARM.Collect$$rtentry$$0000000A) for .ARM.Collect$$rtentry$$0000000A
    __rtentry2.o(.ARM.exidx) refers to __rtentry2.o(.ARM.Collect$$rtentry$$0000000B) for .ARM.Collect$$rtentry$$0000000B
    __rtentry2.o(.ARM.exidx) refers to __rtentry2.o(.ARM.Collect$$rtentry$$0000000D) for .ARM.Collect$$rtentry$$0000000D
    __rtentry4.o(.ARM.Collect$$rtentry$$00000004) refers to sys_stackheap_outer.o(.text) for __user_setup_stackheap
    __rtentry4.o(.ARM.exidx) refers to __rtentry4.o(.ARM.Collect$$rtentry$$00000004) for .ARM.Collect$$rtentry$$00000004
    __rtentry7.o(.ARM.Collect$$rtentry$$00000007) refers to __rtentry7.o(.ARM.Collect$$rtentry$$00002718) for __lit__00000000
    __rtentry7.o(__vectab_stack_and_reset_2_area) refers to __main.o(!!!main) for __main
    __rtentry7.o(.ARM.exidx) refers to __rtentry7.o(.ARM.Collect$$rtentry$$00000007) for .ARM.Collect$$rtentry$$00000007
    __rtentry7.o(.ARM.exidx) refers to __rtentry7.o(.ARM.Collect$$rtentry$$00002718) for .ARM.Collect$$rtentry$$00002718
    sys_stackheap_outer.o(.text) refers to libspace.o(.text) for __user_perproc_libspace
    sys_stackheap_outer.o(.text) refers to sys_stackheap.o(.text) for __user_initial_stackheap
    exit.o(.text) refers to rtexit.o(.ARM.Collect$$rtexit$$00000000) for __rt_exit
    libinit.o(.ARM.Collect$$libinit$$00000000) refers (Special) to libinit2.o(.ARM.Collect$$libinit$$00000030) for __rt_lib_init_alloca_1
    libinit.o(.ARM.Collect$$libinit$$00000000) refers (Special) to libinit2.o(.ARM.Collect$$libinit$$0000002E) for __rt_lib_init_argv_1
    libinit.o(.ARM.Collect$$libinit$$00000000) refers (Special) to libinit2.o(.ARM.Collect$$libinit$$0000001D) for __rt_lib_init_atexit_1
    libinit.o(.ARM.Collect$$libinit$$00000000) refers (Special) to libinit2.o(.ARM.Collect$$libinit$$00000023) for __rt_lib_init_clock_1
    libinit.o(.ARM.Collect$$libinit$$00000000) refers (Special) to libinit2.o(.ARM.Collect$$libinit$$00000034) for __rt_lib_init_cpp_1
    libinit.o(.ARM.Collect$$libinit$$00000000) refers (Special) to libinit2.o(.ARM.Collect$$libinit$$00000032) for __rt_lib_init_exceptions_1
    libinit.o(.ARM.Collect$$libinit$$00000000) refers (Special) to libinit2.o(.ARM.Collect$$libinit$$00000001) for __rt_lib_init_fp_1
    libinit.o(.ARM.Collect$$libinit$$00000000) refers (Special) to libinit2.o(.ARM.Collect$$libinit$$00000021) for __rt_lib_init_fp_trap_1
    libinit.o(.ARM.Collect$$libinit$$00000000) refers (Special) to libinit2.o(.ARM.Collect$$libinit$$00000025) for __rt_lib_init_getenv_1
    libinit.o(.ARM.Collect$$libinit$$00000000) refers (Special) to libinit2.o(.ARM.Collect$$libinit$$0000000C) for __rt_lib_init_heap_1
    libinit.o(.ARM.Collect$$libinit$$00000000) refers (Special) to libinit2.o(.ARM.Collect$$libinit$$00000013) for __rt_lib_init_lc_collate_1
    libinit.o(.ARM.Collect$$libinit$$00000000) refers (Special) to libinit2.o(.ARM.Collect$$libinit$$00000015) for __rt_lib_init_lc_ctype_1
    libinit.o(.ARM.Collect$$libinit$$00000000) refers (Special) to libinit2.o(.ARM.Collect$$libinit$$00000017) for __rt_lib_init_lc_monetary_1
    libinit.o(.ARM.Collect$$libinit$$00000000) refers (Special) to libinit2.o(.ARM.Collect$$libinit$$00000019) for __rt_lib_init_lc_numeric_1
    libinit.o(.ARM.Collect$$libinit$$00000000) refers (Special) to libinit2.o(.ARM.Collect$$libinit$$0000001B) for __rt_lib_init_lc_time_1
    libinit.o(.ARM.Collect$$libinit$$00000000) refers (Special) to libinit2.o(.ARM.Collect$$libinit$$00000006) for __rt_lib_init_preinit_1
    libinit.o(.ARM.Collect$$libinit$$00000000) refers (Special) to libinit2.o(.ARM.Collect$$libinit$$00000010) for __rt_lib_init_rand_1
    libinit.o(.ARM.Collect$$libinit$$00000000) refers (Special) to libinit2.o(.ARM.Collect$$libinit$$00000004) for __rt_lib_init_relocate_pie_1
    libinit.o(.ARM.Collect$$libinit$$00000000) refers (Special) to libinit2.o(.ARM.Collect$$libinit$$00000035) for __rt_lib_init_return
    libinit.o(.ARM.Collect$$libinit$$00000000) refers (Special) to libinit2.o(.ARM.Collect$$libinit$$0000001F) for __rt_lib_init_signal_1
    libinit.o(.ARM.Collect$$libinit$$00000000) refers (Special) to libinit2.o(.ARM.Collect$$libinit$$00000027) for __rt_lib_init_stdio_1
    libinit.o(.ARM.Collect$$libinit$$00000000) refers (Special) to libinit2.o(.ARM.Collect$$libinit$$0000000E) for __rt_lib_init_user_alloc_1
    libspace.o(.text) refers to libspace.o(.bss) for __libspace_start
    sys_stackheap.o(.text) refers (Special) to indicate_semi.o(.text) for __semihosting_library_function
    sys_stackheap.o(.text) refers to use_no_semi.o(.text) for __I$use$semihosting
    sys_stackheap_hlt.o(.text) refers (Special) to indicate_semi.o(.text) for __semihosting_library_function
    sys_stackheap_hlt.o(.text) refers to use_no_semi.o(.text) for __I$use$semihosting
    rtexit.o(.ARM.Collect$$rtexit$$00000000) refers (Special) to rtexit2.o(.ARM.Collect$$rtexit$$00000004) for __rt_exit_exit
    rtexit.o(.ARM.Collect$$rtexit$$00000000) refers (Special) to rtexit2.o(.ARM.Collect$$rtexit$$00000003) for __rt_exit_ls
    rtexit.o(.ARM.Collect$$rtexit$$00000000) refers (Special) to rtexit2.o(.ARM.Collect$$rtexit$$00000002) for __rt_exit_prels_1
    rtexit.o(.ARM.exidx) refers (Special) to rtexit2.o(.ARM.Collect$$rtexit$$00000004) for __rt_exit_exit
    rtexit.o(.ARM.exidx) refers (Special) to rtexit2.o(.ARM.Collect$$rtexit$$00000003) for __rt_exit_ls
    rtexit.o(.ARM.exidx) refers (Special) to rtexit2.o(.ARM.Collect$$rtexit$$00000002) for __rt_exit_prels_1
    rtexit.o(.ARM.exidx) refers to rtexit.o(.ARM.Collect$$rtexit$$00000000) for .ARM.Collect$$rtexit$$00000000
    libinit2.o(.ARM.Collect$$libinit$$00000001) refers to fpinit.o(x$fpl$fpinit) for _fp_init
    libinit2.o(.ARM.Collect$$libinit$$00000012) refers to libinit2.o(.ARM.Collect$$libinit$$00000011) for .ARM.Collect$$libinit$$00000011
    libinit2.o(.ARM.Collect$$libinit$$00000014) refers to libinit2.o(.ARM.Collect$$libinit$$00000011) for .ARM.Collect$$libinit$$00000011
    libinit2.o(.ARM.Collect$$libinit$$00000016) refers to libinit2.o(.ARM.Collect$$libinit$$00000011) for .ARM.Collect$$libinit$$00000011
    libinit2.o(.ARM.Collect$$libinit$$00000018) refers to libinit2.o(.ARM.Collect$$libinit$$00000011) for .ARM.Collect$$libinit$$00000011
    libinit2.o(.ARM.Collect$$libinit$$0000001A) refers to libinit2.o(.ARM.Collect$$libinit$$00000011) for .ARM.Collect$$libinit$$00000011
    libinit2.o(.ARM.Collect$$libinit$$00000028) refers to argv_veneer.o(.emb_text) for __ARM_argv_veneer
    libinit2.o(.ARM.Collect$$libinit$$00000029) refers to argv_veneer.o(.emb_text) for __ARM_argv_veneer
    libinit5.o(.ARM.Collect$$libinit$$0000000A) refers to libinit5.o(.ARM.Collect$$libinit$$0000271B) for __lit__00000000
    libinit5.o(.ARM.Collect$$libinit$$0000002C) refers to libinit5.o(.ARM.Collect$$libinit$$0000273D) for __lit__00000002
    libinit5.o(.ARM.Collect$$libinit$$0000002C) refers to argv_veneer.o(.emb_text) for __ARM_argv_veneer
    rtexit2.o(.ARM.Collect$$rtexit$$00000003) refers to libshutdown.o(.ARM.Collect$$libshutdown$$00000000) for __rt_lib_shutdown
    rtexit2.o(.ARM.Collect$$rtexit$$00000004) refers to sys_exit.o(.text) for _sys_exit
    rtexit2.o(.ARM.exidx) refers to rtexit2.o(.ARM.Collect$$rtexit$$00000001) for .ARM.Collect$$rtexit$$00000001
    rtexit2.o(.ARM.exidx) refers to rtexit2.o(.ARM.Collect$$rtexit$$00000003) for .ARM.Collect$$rtexit$$00000003
    rtexit2.o(.ARM.exidx) refers to rtexit2.o(.ARM.Collect$$rtexit$$00000004) for .ARM.Collect$$rtexit$$00000004
    argv_veneer.o(.emb_text) refers to no_argv.o(.text) for __ARM_get_argv
    sys_exit.o(.text) refers (Special) to use_no_semi.o(.text) for __I$use$semihosting
    sys_exit.o(.text) refers (Special) to indicate_semi.o(.text) for __semihosting_library_function
    sys_exit_hlt.o(.text) refers (Special) to use_no_semi.o(.text) for __I$use$semihosting
    sys_exit_hlt.o(.text) refers (Special) to indicate_semi.o(.text) for __semihosting_library_function
    _get_argv_nomalloc.o(.text) refers (Special) to hrguard.o(.text) for __heap_region$guard
    _get_argv_nomalloc.o(.text) refers to defsig_rtmem_outer.o(.text) for __rt_SIGRTMEM
    _get_argv_nomalloc.o(.text) refers to sys_command.o(.text) for _sys_command_string
    libshutdown.o(.ARM.Collect$$libshutdown$$00000000) refers (Special) to libshutdown2.o(.ARM.Collect$$libshutdown$$00000002) for __rt_lib_shutdown_cpp_1
    libshutdown.o(.ARM.Collect$$libshutdown$$00000000) refers (Special) to libshutdown2.o(.ARM.Collect$$libshutdown$$00000007) for __rt_lib_shutdown_fp_trap_1
    libshutdown.o(.ARM.Collect$$libshutdown$$00000000) refers (Special) to libshutdown2.o(.ARM.Collect$$libshutdown$$0000000F) for __rt_lib_shutdown_heap_1
    libshutdown.o(.ARM.Collect$$libshutdown$$00000000) refers (Special) to libshutdown2.o(.ARM.Collect$$libshutdown$$00000010) for __rt_lib_shutdown_return
    libshutdown.o(.ARM.Collect$$libshutdown$$00000000) refers (Special) to libshutdown2.o(.ARM.Collect$$libshutdown$$0000000A) for __rt_lib_shutdown_signal_1
    libshutdown.o(.ARM.Collect$$libshutdown$$00000000) refers (Special) to libshutdown2.o(.ARM.Collect$$libshutdown$$00000004) for __rt_lib_shutdown_stdio_1
    libshutdown.o(.ARM.Collect$$libshutdown$$00000000) refers (Special) to libshutdown2.o(.ARM.Collect$$libshutdown$$0000000C) for __rt_lib_shutdown_user_alloc_1
    sys_command.o(.text) refers (Special) to use_no_semi.o(.text) for __I$use$semihosting
    sys_command.o(.text) refers (Special) to indicate_semi.o(.text) for __semihosting_library_function
    sys_command_hlt.o(.text) refers (Special) to use_no_semi.o(.text) for __I$use$semihosting
    sys_command_hlt.o(.text) refers (Special) to indicate_semi.o(.text) for __semihosting_library_function
    defsig_rtmem_outer.o(.text) refers to defsig_rtmem_inner.o(.text) for __rt_SIGRTMEM_inner
    defsig_rtmem_outer.o(.text) refers to defsig_exit.o(.text) for __sig_exit
    defsig_rtmem_formal.o(.text) refers to rt_raise.o(.text) for __rt_raise
    rt_raise.o(.text) refers to __raise.o(.text) for __raise
    rt_raise.o(.text) refers to sys_exit.o(.text) for _sys_exit
    defsig_exit.o(.text) refers to sys_exit.o(.text) for _sys_exit
    defsig_rtmem_inner.o(.text) refers to defsig_general.o(.text) for __default_signal_display
    __raise.o(.text) refers to defsig.o(CL$$defsig) for __default_signal_handler
    defsig_general.o(.text) refers to sys_wrch.o(.text) for _ttywrch
    sys_wrch.o(.text) refers (Special) to use_no_semi.o(.text) for __I$use$semihosting
    sys_wrch.o(.text) refers (Special) to indicate_semi.o(.text) for __semihosting_library_function
    sys_wrch_hlt.o(.text) refers (Special) to use_no_semi.o(.text) for __I$use$semihosting
    sys_wrch_hlt.o(.text) refers (Special) to indicate_semi.o(.text) for __semihosting_library_function
    defsig.o(CL$$defsig) refers to defsig_rtmem_inner.o(.text) for __rt_SIGRTMEM_inner
    defsig_abrt_inner.o(.text) refers to defsig_general.o(.text) for __default_signal_display
    defsig_fpe_inner.o(.text) refers to defsig_general.o(.text) for __default_signal_display
    defsig_rtred_inner.o(.text) refers to defsig_general.o(.text) for __default_signal_display
    defsig_stak_inner.o(.text) refers to defsig_general.o(.text) for __default_signal_display
    defsig_pvfn_inner.o(.text) refers to defsig_general.o(.text) for __default_signal_display
    defsig_cppl_inner.o(.text) refers to defsig_general.o(.text) for __default_signal_display
    defsig_segv_inner.o(.text) refers to defsig_general.o(.text) for __default_signal_display
    defsig_other.o(.text) refers to defsig_general.o(.text) for __default_signal_display


==============================================================================

Removing Unused input sections from the image.

    Removing gpio.o(.text), (0 bytes).
    Removing gpio.o(.ARM.exidx.text.Gpio_init), (8 bytes).
    Removing gpio.o(.ARM.exidx.text.Gpio_SetPinValue), (8 bytes).
    Removing gpio.o(.ARM.exidx.text.Gpio_ClearPinValue), (8 bytes).
    Removing gpio.o(.text.Gpio_blinkWhite), (116 bytes).
    Removing gpio.o(.ARM.exidx.text.Gpio_blinkWhite), (8 bytes).
    Removing gpio.o(.ARM.exidx.text.Gpio_ledOff), (8 bytes).
    Removing gpio.o(.ARM.exidx.text.Ggio_blinkLed), (8 bytes).
    Removing gpio.o(.ARM.exidx.text.Gpio_switchColor), (8 bytes).
    Removing gpio.o(.ARM.exidx.text.Ggio_blinkLed_Blue), (8 bytes).
    Removing gpio.o(.ARM.exidx.text.Gpio_TogglePinValue), (8 bytes).
    Removing gpio.o(.text.Ggio_blinkLed_Green), (20 bytes).
    Removing gpio.o(.ARM.exidx.text.Ggio_blinkLed_Green), (8 bytes).
    Removing gpio.o(.ARM.exidx.text.Gpio_GetPinValue), (8 bytes).
    Removing gpio_isr.o(.text), (0 bytes).
    Removing gpio_isr.o(.ARM.exidx.text.PORTC_IRQHandler), (8 bytes).
    Removing gpio_isr.o(.data.tmp_program), (1 bytes).
    Removing main.o(.text), (0 bytes).
    Removing main.o(.ARM.exidx.text.main), (8 bytes).
    Removing main.o(.ARM.use_no_argv), (4 bytes).
    Removing softtimer.o(.text), (0 bytes).
    Removing softtimer.o(.ARM.exidx.text.Softtimer_Init), (8 bytes).
    Removing softtimer.o(.ARM.exidx.text.Softtimer_StartTimer), (8 bytes).
    Removing softtimer.o(.text.Softtimer_StopTimer), (14 bytes).
    Removing softtimer.o(.ARM.exidx.text.Softtimer_StopTimer), (8 bytes).
    Removing softtimer.o(.ARM.exidx.text.Softtimer_MainFunction), (8 bytes).
    Removing softtimer.o(.ARM.exidx.text.SysTick_Handler), (8 bytes).
    Removing softtimer.o(.softtimer_driver_bss), (4 bytes).
    Removing lpuart.o(.text), (0 bytes).
    Removing lpuart.o(.ARM.exidx.text.Uart_init), (8 bytes).
    Removing lpuart.o(.ARM.exidx.text.Buffer_init), (8 bytes).
    Removing lpuart.o(.ARM.exidx.text.Uart_Transmit), (8 bytes).
    Removing lpuart.o(.ARM.exidx.text.Uart_TxMainFunction), (8 bytes).
    Removing lpuart.o(.text.Uart_GetTransmitState), (12 bytes).
    Removing lpuart.o(.ARM.exidx.text.Uart_GetTransmitState), (8 bytes).
    Removing lpuart.o(.ARM.exidx.text.Uart_RxMainFunction), (8 bytes).
    Removing lpuart.o(.ARM.exidx.text.Uart_ReceiveData), (8 bytes).
    Removing lpuart.o(.text.Uart_GetReceiveState), (12 bytes).
    Removing lpuart.o(.ARM.exidx.text.Uart_GetReceiveState), (8 bytes).
    Removing lpuart.o(.ARM.exidx.text.LPUART1_RxTx_IRQHandler), (8 bytes).
    Removing spi.o(.text), (0 bytes).
    Removing spi.o(.ARM.exidx.text.Lpspi_init), (8 bytes).
    Removing spi.o(.ARM.exidx.text.Lpspi_sendChar), (8 bytes).
    Removing spi.o(.ARM.exidx.text.Lpsi_clockIncrease), (8 bytes).
    Removing spi.o(.ARM.exidx.text.Lpspi_checkAlarmOff), (8 bytes).
    Removing spi.o(.ARM.exidx.text.Lpspi_Alarmshow), (8 bytes).
    Removing spi.o(.ARM.exidx.text.Lpspi_AlarmSend), (8 bytes).
    Removing spi.o(.ARM.exidx.text.Lpspi_clockSet), (8 bytes).
    Removing spi.o(.ARM.exidx.text.Lpsi_minuteIncrease), (8 bytes).
    Removing spi.o(.ARM.exidx.text.Lpsi_hourIncrease), (8 bytes).
    Removing spi.o(.ARM.exidx.text.Lpspi_AlarmInit), (8 bytes).
    Removing spi.o(.ARM.exidx.text.Lpsi_clockBlinking), (8 bytes).
    Removing startup.o(.text), (0 bytes).
    Removing startup.o(.ARM.exidx.text.init_data_bss), (8 bytes).
    Removing system_s32k144.o(.text), (0 bytes).
    Removing system_s32k144.o(.ARM.exidx.text.SystemInit), (8 bytes).
    Removing system_s32k144.o(.text.SystemCoreClockUpdate), (254 bytes).
    Removing system_s32k144.o(.ARM.exidx.text.SystemCoreClockUpdate), (8 bytes).
    Removing system_s32k144.o(.text.SystemSoftwareReset), (48 bytes).
    Removing system_s32k144.o(.ARM.exidx.text.SystemSoftwareReset), (8 bytes).
    Removing system_s32k144.o(.data.SystemCoreClock), (4 bytes).
    Removing system_s32k144.o(.rodata.SystemCoreClockUpdate.fircFreq), (4 bytes).

62 unused section(s) (total 829 bytes) removed from the image.

==============================================================================

Image Symbol Table

    Local Symbols

    Symbol Name                              Value     Ov Type        Size  Object(Section)

    ../clib/angel/boardlib.s                 0x00000000   Number         0  boardinit1.o ABSOLUTE
    ../clib/angel/boardlib.s                 0x00000000   Number         0  boardinit2.o ABSOLUTE
    ../clib/angel/boardlib.s                 0x00000000   Number         0  boardinit3.o ABSOLUTE
    ../clib/angel/boardlib.s                 0x00000000   Number         0  boardshut.o ABSOLUTE
    ../clib/angel/handlers.s                 0x00000000   Number         0  __scatter_copy.o ABSOLUTE
    ../clib/angel/handlers.s                 0x00000000   Number         0  __scatter_zi.o ABSOLUTE
    ../clib/angel/kernel.s                   0x00000000   Number         0  __rtentry.o ABSOLUTE
    ../clib/angel/kernel.s                   0x00000000   Number         0  __rtentry2.o ABSOLUTE
    ../clib/angel/kernel.s                   0x00000000   Number         0  __rtentry4.o ABSOLUTE
    ../clib/angel/kernel.s                   0x00000000   Number         0  __rtentry7.o ABSOLUTE
    ../clib/angel/kernel.s                   0x00000000   Number         0  rtexit.o ABSOLUTE
    ../clib/angel/kernel.s                   0x00000000   Number         0  rtexit2.o ABSOLUTE
    ../clib/angel/rt.s                       0x00000000   Number         0  rt_raise.o ABSOLUTE
    ../clib/angel/scatter.s                  0x00000000   Number         0  __scatter.o ABSOLUTE
    ../clib/angel/startup.s                  0x00000000   Number         0  __main.o ABSOLUTE
    ../clib/angel/sys.s                      0x00000000   Number         0  sys_stackheap_outer.o ABSOLUTE
    ../clib/angel/sys.s                      0x00000000   Number         0  libspace.o ABSOLUTE
    ../clib/angel/sys.s                      0x00000000   Number         0  sys_stackheap.o ABSOLUTE
    ../clib/angel/sys.s                      0x00000000   Number         0  sys_stackheap_hlt.o ABSOLUTE
    ../clib/angel/sys.s                      0x00000000   Number         0  use_no_semi.o ABSOLUTE
    ../clib/angel/sys.s                      0x00000000   Number         0  indicate_semi.o ABSOLUTE
    ../clib/angel/sysapp.c                   0x00000000   Number         0  sys_exit.o ABSOLUTE
    ../clib/angel/sysapp.c                   0x00000000   Number         0  sys_exit_hlt.o ABSOLUTE
    ../clib/angel/sysapp.c                   0x00000000   Number         0  sys_command.o ABSOLUTE
    ../clib/angel/sysapp.c                   0x00000000   Number         0  sys_command_hlt.o ABSOLUTE
    ../clib/angel/sysapp.c                   0x00000000   Number         0  sys_wrch.o ABSOLUTE
    ../clib/angel/sysapp.c                   0x00000000   Number         0  sys_wrch_hlt.o ABSOLUTE
    ../clib/armsys.c                         0x00000000   Number         0  argv_veneer.o ABSOLUTE
    ../clib/armsys.c                         0x00000000   Number         0  argv_veneer.o ABSOLUTE
    ../clib/armsys.c                         0x00000000   Number         0  _get_argv_nomalloc.o ABSOLUTE
    ../clib/armsys.c                         0x00000000   Number         0  no_argv.o ABSOLUTE
    ../clib/heapalloc.c                      0x00000000   Number         0  hrguard.o ABSOLUTE
    ../clib/libinit.s                        0x00000000   Number         0  libinit.o ABSOLUTE
    ../clib/libinit.s                        0x00000000   Number         0  libinit2.o ABSOLUTE
    ../clib/libinit.s                        0x00000000   Number         0  libinit5.o ABSOLUTE
    ../clib/libinit.s                        0x00000000   Number         0  libshutdown.o ABSOLUTE
    ../clib/libinit.s                        0x00000000   Number         0  libshutdown2.o ABSOLUTE
    ../clib/signal.c                         0x00000000   Number         0  defsig_rtmem_outer.o ABSOLUTE
    ../clib/signal.c                         0x00000000   Number         0  defsig_rtmem_formal.o ABSOLUTE
    ../clib/signal.c                         0x00000000   Number         0  defsig_exit.o ABSOLUTE
    ../clib/signal.c                         0x00000000   Number         0  defsig_rtmem_inner.o ABSOLUTE
    ../clib/signal.c                         0x00000000   Number         0  __raise.o ABSOLUTE
    ../clib/signal.c                         0x00000000   Number         0  defsig_general.o ABSOLUTE
    ../clib/signal.c                         0x00000000   Number         0  defsig_abrt_inner.o ABSOLUTE
    ../clib/signal.c                         0x00000000   Number         0  defsig_fpe_inner.o ABSOLUTE
    ../clib/signal.c                         0x00000000   Number         0  defsig_rtred_inner.o ABSOLUTE
    ../clib/signal.c                         0x00000000   Number         0  defsig_stak_inner.o ABSOLUTE
    ../clib/signal.c                         0x00000000   Number         0  defsig_pvfn_inner.o ABSOLUTE
    ../clib/signal.c                         0x00000000   Number         0  defsig_cppl_inner.o ABSOLUTE
    ../clib/signal.c                         0x00000000   Number         0  defsig_segv_inner.o ABSOLUTE
    ../clib/signal.c                         0x00000000   Number         0  defsig_other.o ABSOLUTE
    ../clib/signal.s                         0x00000000   Number         0  defsig.o ABSOLUTE
    ../clib/stdlib.c                         0x00000000   Number         0  exit.o ABSOLUTE
    ../fplib/fpinit.s                        0x00000000   Number         0  fpinit.o ABSOLUTE
    Gpio.c                                   0x00000000   Number         0  gpio.o ABSOLUTE
    Gpio_Isr.c                               0x00000000   Number         0  gpio_isr.o ABSOLUTE
    Lpuart.c                                 0x00000000   Number         0  lpuart.o ABSOLUTE
    RTE\Device\S32K144HAxxxLLx\startup_S32K144.S 0x00000000   Number         0  startup_s32k144.o ABSOLUTE
    Softtimer.c                              0x00000000   Number         0  softtimer.o ABSOLUTE
    Spi.c                                    0x00000000   Number         0  spi.o ABSOLUTE
    dc.s                                     0x00000000   Number         0  dc.o ABSOLUTE
    main.c                                   0x00000000   Number         0  main.o ABSOLUTE
    startup.c                                0x00000000   Number         0  startup.o ABSOLUTE
    system_S32K144.c                         0x00000000   Number         0  system_s32k144.o ABSOLUTE
    RESET                                    0x00000000   Section      560  startup_s32k144.o(RESET)
    FlashConfig                              0x00000400   Section       16  startup_s32k144.o(FlashConfig)
    s_vectors                                0x00000410   Data           4  startup.o(.rodata.s_vectors)
    [Anonymous Symbol]                       0x00000410   Section        0  startup.o(.rodata.s_vectors)
    .L.str                                   0x00000414   Data          31  main.o(.rodata.str1.1)
    [Anonymous Symbol]                       0x00000414   Section        0  main.o(.rodata.str1.1)
    !!!main                                  0x00000434   Section        8  __main.o(!!!main)
    !!!scatter                               0x0000043c   Section       52  __scatter.o(!!!scatter)
    !!handler_copy                           0x00000470   Section       26  __scatter_copy.o(!!handler_copy)
    !!handler_zi                             0x0000048c   Section       28  __scatter_zi.o(!!handler_zi)
    .ARM.Collect$$libinit$$00000000          0x000004a8   Section        2  libinit.o(.ARM.Collect$$libinit$$00000000)
    .ARM.Collect$$libinit$$00000001          0x000004aa   Section        4  libinit2.o(.ARM.Collect$$libinit$$00000001)
    .ARM.Collect$$libinit$$00000004          0x000004ae   Section        0  libinit2.o(.ARM.Collect$$libinit$$00000004)
    .ARM.Collect$$libinit$$00000006          0x000004ae   Section        0  libinit2.o(.ARM.Collect$$libinit$$00000006)
    .ARM.Collect$$libinit$$0000000C          0x000004ae   Section        0  libinit2.o(.ARM.Collect$$libinit$$0000000C)
    .ARM.Collect$$libinit$$0000000E          0x000004ae   Section        0  libinit2.o(.ARM.Collect$$libinit$$0000000E)
    .ARM.Collect$$libinit$$00000010          0x000004ae   Section        0  libinit2.o(.ARM.Collect$$libinit$$00000010)
    .ARM.Collect$$libinit$$00000013          0x000004ae   Section        0  libinit2.o(.ARM.Collect$$libinit$$00000013)
    .ARM.Collect$$libinit$$00000015          0x000004ae   Section        0  libinit2.o(.ARM.Collect$$libinit$$00000015)
    .ARM.Collect$$libinit$$00000017          0x000004ae   Section        0  libinit2.o(.ARM.Collect$$libinit$$00000017)
    .ARM.Collect$$libinit$$00000019          0x000004ae   Section        0  libinit2.o(.ARM.Collect$$libinit$$00000019)
    .ARM.Collect$$libinit$$0000001B          0x000004ae   Section        0  libinit2.o(.ARM.Collect$$libinit$$0000001B)
    .ARM.Collect$$libinit$$0000001D          0x000004ae   Section        0  libinit2.o(.ARM.Collect$$libinit$$0000001D)
    .ARM.Collect$$libinit$$0000001F          0x000004ae   Section        0  libinit2.o(.ARM.Collect$$libinit$$0000001F)
    .ARM.Collect$$libinit$$00000021          0x000004ae   Section        0  libinit2.o(.ARM.Collect$$libinit$$00000021)
    .ARM.Collect$$libinit$$00000023          0x000004ae   Section        0  libinit2.o(.ARM.Collect$$libinit$$00000023)
    .ARM.Collect$$libinit$$00000025          0x000004ae   Section        0  libinit2.o(.ARM.Collect$$libinit$$00000025)
    .ARM.Collect$$libinit$$00000027          0x000004ae   Section        0  libinit2.o(.ARM.Collect$$libinit$$00000027)
    .ARM.Collect$$libinit$$0000002E          0x000004ae   Section        0  libinit2.o(.ARM.Collect$$libinit$$0000002E)
    .ARM.Collect$$libinit$$00000030          0x000004ae   Section        0  libinit2.o(.ARM.Collect$$libinit$$00000030)
    .ARM.Collect$$libinit$$00000032          0x000004ae   Section        0  libinit2.o(.ARM.Collect$$libinit$$00000032)
    .ARM.Collect$$libinit$$00000034          0x000004ae   Section        0  libinit2.o(.ARM.Collect$$libinit$$00000034)
    .ARM.Collect$$libinit$$00000035          0x000004ae   Section        2  libinit2.o(.ARM.Collect$$libinit$$00000035)
    .ARM.Collect$$libshutdown$$00000000      0x000004b0   Section        2  libshutdown.o(.ARM.Collect$$libshutdown$$00000000)
    .ARM.Collect$$libshutdown$$00000002      0x000004b2   Section        0  libshutdown2.o(.ARM.Collect$$libshutdown$$00000002)
    .ARM.Collect$$libshutdown$$00000004      0x000004b2   Section        0  libshutdown2.o(.ARM.Collect$$libshutdown$$00000004)
    .ARM.Collect$$libshutdown$$00000007      0x000004b2   Section        0  libshutdown2.o(.ARM.Collect$$libshutdown$$00000007)
    .ARM.Collect$$libshutdown$$0000000A      0x000004b2   Section        0  libshutdown2.o(.ARM.Collect$$libshutdown$$0000000A)
    .ARM.Collect$$libshutdown$$0000000C      0x000004b2   Section        0  libshutdown2.o(.ARM.Collect$$libshutdown$$0000000C)
    .ARM.Collect$$libshutdown$$0000000F      0x000004b2   Section        0  libshutdown2.o(.ARM.Collect$$libshutdown$$0000000F)
    .ARM.Collect$$libshutdown$$00000010      0x000004b2   Section        2  libshutdown2.o(.ARM.Collect$$libshutdown$$00000010)
    .ARM.Collect$$rtentry$$00000000          0x000004b4   Section        0  __rtentry.o(.ARM.Collect$$rtentry$$00000000)
    .ARM.Collect$$rtentry$$00000002          0x000004b4   Section        0  __rtentry2.o(.ARM.Collect$$rtentry$$00000002)
    .ARM.Collect$$rtentry$$00000007          0x000004b4   Section        4  __rtentry7.o(.ARM.Collect$$rtentry$$00000007)
    .ARM.Collect$$rtentry$$00000009          0x000004b8   Section        0  __rtentry2.o(.ARM.Collect$$rtentry$$00000009)
    .ARM.Collect$$rtentry$$0000000A          0x000004b8   Section        4  __rtentry2.o(.ARM.Collect$$rtentry$$0000000A)
    .ARM.Collect$$rtentry$$0000000C          0x000004bc   Section        0  __rtentry2.o(.ARM.Collect$$rtentry$$0000000C)
    .ARM.Collect$$rtentry$$0000000D          0x000004bc   Section        8  __rtentry2.o(.ARM.Collect$$rtentry$$0000000D)
    __lit__00000000                          0x000004c4   Data           4  __rtentry7.o(.ARM.Collect$$rtentry$$00002718)
    .ARM.Collect$$rtentry$$00002718          0x000004c4   Section        4  __rtentry7.o(.ARM.Collect$$rtentry$$00002718)
    .ARM.Collect$$rtexit$$00000000           0x000004c8   Section        2  rtexit.o(.ARM.Collect$$rtexit$$00000000)
    .ARM.Collect$$rtexit$$00000002           0x000004ca   Section        0  rtexit2.o(.ARM.Collect$$rtexit$$00000002)
    .ARM.Collect$$rtexit$$00000003           0x000004ca   Section        4  rtexit2.o(.ARM.Collect$$rtexit$$00000003)
    .ARM.Collect$$rtexit$$00000004           0x000004ce   Section        6  rtexit2.o(.ARM.Collect$$rtexit$$00000004)
    .text                                    0x000004d4   Section      156  startup_s32k144.o(.text)
    $v0                                      0x00000528   Number         0  startup_s32k144.o(.text)
    .text                                    0x00000570   Section        0  exit.o(.text)
    .text                                    0x00000582   Section        2  use_no_semi.o(.text)
    .text                                    0x00000584   Section        0  indicate_semi.o(.text)
    .text                                    0x00000584   Section        0  sys_exit.o(.text)
    [Anonymous Symbol]                       0x00000590   Section        0  lpuart.o(.text.Buffer_init)
    [Anonymous Symbol]                       0x000005ac   Section        0  gpio.o(.text.Ggio_blinkLed)
    [Anonymous Symbol]                       0x0000061c   Section        0  gpio.o(.text.Ggio_blinkLed_Blue)
    [Anonymous Symbol]                       0x00000630   Section        0  gpio.o(.text.Gpio_ClearPinValue)
    [Anonymous Symbol]                       0x0000064c   Section        0  gpio.o(.text.Gpio_GetPinValue)
    [Anonymous Symbol]                       0x00000664   Section        0  gpio.o(.text.Gpio_SetPinValue)
    [Anonymous Symbol]                       0x00000680   Section        0  gpio.o(.text.Gpio_TogglePinValue)
    [Anonymous Symbol]                       0x0000069c   Section        0  gpio.o(.text.Gpio_init)
    [Anonymous Symbol]                       0x000007b4   Section        0  gpio.o(.text.Gpio_ledOff)
    [Anonymous Symbol]                       0x000007e4   Section        0  gpio.o(.text.Gpio_switchColor)
    [Anonymous Symbol]                       0x00000834   Section        0  lpuart.o(.text.LPUART1_RxTx_IRQHandler)
    [Anonymous Symbol]                       0x00000850   Section        0  spi.o(.text.Lpsi_clockBlinking)
    [Anonymous Symbol]                       0x000008fc   Section        0  spi.o(.text.Lpsi_clockIncrease)
    [Anonymous Symbol]                       0x00000a18   Section        0  spi.o(.text.Lpsi_hourIncrease)
    [Anonymous Symbol]                       0x00000a88   Section        0  spi.o(.text.Lpsi_minuteIncrease)
    [Anonymous Symbol]                       0x00000ae0   Section        0  spi.o(.text.Lpspi_AlarmInit)
    [Anonymous Symbol]                       0x00000b3c   Section        0  spi.o(.text.Lpspi_AlarmSend)
    [Anonymous Symbol]                       0x00000b8c   Section        0  spi.o(.text.Lpspi_Alarmshow)
    [Anonymous Symbol]                       0x00000ba8   Section        0  spi.o(.text.Lpspi_checkAlarmOff)
    [Anonymous Symbol]                       0x00000c60   Section        0  spi.o(.text.Lpspi_clockSet)
    [Anonymous Symbol]                       0x00000de0   Section        0  spi.o(.text.Lpspi_init)
    [Anonymous Symbol]                       0x00000ed0   Section        0  spi.o(.text.Lpspi_sendChar)
    [Anonymous Symbol]                       0x00000efc   Section        0  gpio_isr.o(.text.PORTC_IRQHandler)
    [Anonymous Symbol]                       0x00000f54   Section        0  softtimer.o(.text.Softtimer_Init)
    [Anonymous Symbol]                       0x00000fb4   Section        0  softtimer.o(.text.Softtimer_MainFunction)
    [Anonymous Symbol]                       0x00001018   Section        0  softtimer.o(.text.Softtimer_StartTimer)
    [Anonymous Symbol]                       0x00001054   Section        0  softtimer.o(.text.SysTick_Handler)
    [Anonymous Symbol]                       0x00001064   Section        0  system_s32k144.o(.text.SystemInit)
    [Anonymous Symbol]                       0x000010b8   Section        0  lpuart.o(.text.Uart_ReceiveData)
    [Anonymous Symbol]                       0x000011b8   Section        0  lpuart.o(.text.Uart_RxMainFunction)
    [Anonymous Symbol]                       0x00001200   Section        0  lpuart.o(.text.Uart_Transmit)
    [Anonymous Symbol]                       0x00001288   Section        0  lpuart.o(.text.Uart_TxMainFunction)
    [Anonymous Symbol]                       0x000012e8   Section        0  lpuart.o(.text.Uart_init)
    [Anonymous Symbol]                       0x00001394   Section        0  startup.o(.text.init_data_bss)
    [Anonymous Symbol]                       0x00001434   Section        0  main.o(.text.main)
    $v0                                      0x00001604   Number         0  fpinit.o(x$fpl$fpinit)
    x$fpl$fpinit                             0x00001604   Section       26  fpinit.o(x$fpl$fpinit)
    pos                                      0x1fff8400   Data           2  spi.o(.data.pos)
    [Anonymous Symbol]                       0x1fff8400   Section        0  spi.o(.data.pos)
    u1_ReceiveState                          0x1fff8403   Data           1  lpuart.o(.data.u1_ReceiveState)
    [Anonymous Symbol]                       0x1fff8403   Section        0  lpuart.o(.data.u1_ReceiveState)
    u1_TransmitState                         0x1fff8404   Data           1  lpuart.o(.data.u1_TransmitState)
    [Anonymous Symbol]                       0x1fff8404   Section        0  lpuart.o(.data.u1_TransmitState)
    Lpsi_clockBlinking.blinkState            0x20000000   Data           1  spi.o(.bss.Lpsi_clockBlinking.blinkState)
    [Anonymous Symbol]                       0x20000000   Section        0  spi.o(.bss.Lpsi_clockBlinking.blinkState)
    Uart_Transmit.u4_LenCount                0x20000004   Data           4  lpuart.o(.bss.Uart_Transmit.u4_LenCount)
    [Anonymous Symbol]                       0x20000004   Section        0  lpuart.o(.bss.Uart_Transmit.u4_LenCount)
    Uart_TxMainFunction.u4_BufferCount       0x20000008   Data           4  lpuart.o(.bss.Uart_TxMainFunction.u4_BufferCount)
    [Anonymous Symbol]                       0x20000008   Section        0  lpuart.o(.bss.Uart_TxMainFunction.u4_BufferCount)
    softTimer                                0x2000009c   Data          96  main.o(.bss.softTimer)
    [Anonymous Symbol]                       0x2000009c   Section        0  main.o(.bss.softTimer)
    u4_ReceiveLength                         0x2000017c   Data           4  lpuart.o(.bss.u4_ReceiveLength)
    [Anonymous Symbol]                       0x2000017c   Section        0  lpuart.o(.bss.u4_ReceiveLength)

    Global Symbols

    Symbol Name                              Value     Ov Type        Size  Object(Section)

    BuildAttributes$$THM_ISAv4$E$P$D$K$B$S$7EM$VFPi3$EXTD16$VFPS$VFMA$PE$A:L22UL41UL21$X:L11$S22US41US21$IEEE1$IW$~IW$USESV6$~STKCKD$USESV7$~SHL$OSPACE$ROPI$EBA8$UX$STANDARDLIB$REQ8$PRES8$EABIv2 0x00000000   Number         0  anon$$obj.o ABSOLUTE
    Image$$RW_m_code$$Length                 0x00000000   Number         0  anon$$obj.o ABSOLUTE
    Image$$VECTOR_RAM$$Length                0x00000000   Number         0  anon$$obj.o ABSOLUTE
    Image$$VECTOR_ROM$$Base                  0x00000000   Number         0  anon$$obj.o ABSOLUTE
    __Vectors                                0x00000000   Data           4  startup_s32k144.o(RESET)
    Image$$ZI$$Limit                          - Undefined Weak Reference
    __ARM_exceptions_init                     - Undefined Weak Reference
    __alloca_initialize                       - Undefined Weak Reference
    __arm_preinit_                            - Undefined Weak Reference
    __arm_relocate_pie_                       - Undefined Weak Reference
    __cpp_initialize__aeabi_                  - Undefined Weak Reference
    __cxa_finalize                            - Undefined Weak Reference
    __rt_locale                               - Undefined Weak Reference
    __sigvec_lookup                           - Undefined Weak Reference
    _atexit_init                              - Undefined Weak Reference
    _call_atexit_fns                          - Undefined Weak Reference
    _clock_init                               - Undefined Weak Reference
    _fp_trap_init                             - Undefined Weak Reference
    _fp_trap_shutdown                         - Undefined Weak Reference
    _get_lc_collate                           - Undefined Weak Reference
    _get_lc_ctype                             - Undefined Weak Reference
    _get_lc_monetary                          - Undefined Weak Reference
    _get_lc_numeric                           - Undefined Weak Reference
    _get_lc_time                              - Undefined Weak Reference
    _getenv_init                              - Undefined Weak Reference
    _handle_redirection                       - Undefined Weak Reference
    _init_alloc                               - Undefined Weak Reference
    _init_user_alloc                          - Undefined Weak Reference
    _initio                                   - Undefined Weak Reference
    _rand_init                                - Undefined Weak Reference
    _signal_finish                            - Undefined Weak Reference
    _signal_init                              - Undefined Weak Reference
    _terminate_alloc                          - Undefined Weak Reference
    _terminate_user_alloc                     - Undefined Weak Reference
    _terminateio                              - Undefined Weak Reference
    Image$$RW_m_data$$Length                 0x00000008   Number         0  anon$$obj.o ABSOLUTE
    Image$$VECTOR_ROM$$Length                0x00000230   Number         0  anon$$obj.o ABSOLUTE
    Image$$VECTOR_ROM$$Limit                 0x00000230   Number         0  anon$$obj.o ABSOLUTE
    Image$$ER_m_text_const$$Base             0x00000410   Number         0  anon$$obj.o ABSOLUTE
    Image$$ER_m_text_const$$Limit            0x00000434   Number         0  anon$$obj.o ABSOLUTE
    __main                                   0x00000435   Thumb Code     8  __main.o(!!!main)
    __scatterload                            0x0000043d   Thumb Code     0  __scatter.o(!!!scatter)
    __scatterload_rt2                        0x0000043d   Thumb Code    44  __scatter.o(!!!scatter)
    __scatterload_rt2_thumb_only             0x0000043d   Thumb Code     0  __scatter.o(!!!scatter)
    __scatterload_null                       0x0000044b   Thumb Code     0  __scatter.o(!!!scatter)
    __scatterload_copy                       0x00000471   Thumb Code    26  __scatter_copy.o(!!handler_copy)
    __scatterload_zeroinit                   0x0000048d   Thumb Code    28  __scatter_zi.o(!!handler_zi)
    __rt_lib_init                            0x000004a9   Thumb Code     0  libinit.o(.ARM.Collect$$libinit$$00000000)
    __rt_lib_init_fp_1                       0x000004ab   Thumb Code     0  libinit2.o(.ARM.Collect$$libinit$$00000001)
    __rt_lib_init_alloca_1                   0x000004af   Thumb Code     0  libinit2.o(.ARM.Collect$$libinit$$00000030)
    __rt_lib_init_argv_1                     0x000004af   Thumb Code     0  libinit2.o(.ARM.Collect$$libinit$$0000002E)
    __rt_lib_init_atexit_1                   0x000004af   Thumb Code     0  libinit2.o(.ARM.Collect$$libinit$$0000001D)
    __rt_lib_init_clock_1                    0x000004af   Thumb Code     0  libinit2.o(.ARM.Collect$$libinit$$00000023)
    __rt_lib_init_cpp_1                      0x000004af   Thumb Code     0  libinit2.o(.ARM.Collect$$libinit$$00000034)
    __rt_lib_init_exceptions_1               0x000004af   Thumb Code     0  libinit2.o(.ARM.Collect$$libinit$$00000032)
    __rt_lib_init_fp_trap_1                  0x000004af   Thumb Code     0  libinit2.o(.ARM.Collect$$libinit$$00000021)
    __rt_lib_init_getenv_1                   0x000004af   Thumb Code     0  libinit2.o(.ARM.Collect$$libinit$$00000025)
    __rt_lib_init_heap_1                     0x000004af   Thumb Code     0  libinit2.o(.ARM.Collect$$libinit$$0000000C)
    __rt_lib_init_lc_collate_1               0x000004af   Thumb Code     0  libinit2.o(.ARM.Collect$$libinit$$00000013)
    __rt_lib_init_lc_ctype_1                 0x000004af   Thumb Code     0  libinit2.o(.ARM.Collect$$libinit$$00000015)
    __rt_lib_init_lc_monetary_1              0x000004af   Thumb Code     0  libinit2.o(.ARM.Collect$$libinit$$00000017)
    __rt_lib_init_lc_numeric_1               0x000004af   Thumb Code     0  libinit2.o(.ARM.Collect$$libinit$$00000019)
    __rt_lib_init_lc_time_1                  0x000004af   Thumb Code     0  libinit2.o(.ARM.Collect$$libinit$$0000001B)
    __rt_lib_init_preinit_1                  0x000004af   Thumb Code     0  libinit2.o(.ARM.Collect$$libinit$$00000006)
    __rt_lib_init_rand_1                     0x000004af   Thumb Code     0  libinit2.o(.ARM.Collect$$libinit$$00000010)
    __rt_lib_init_relocate_pie_1             0x000004af   Thumb Code     0  libinit2.o(.ARM.Collect$$libinit$$00000004)
    __rt_lib_init_return                     0x000004af   Thumb Code     0  libinit2.o(.ARM.Collect$$libinit$$00000035)
    __rt_lib_init_signal_1                   0x000004af   Thumb Code     0  libinit2.o(.ARM.Collect$$libinit$$0000001F)
    __rt_lib_init_stdio_1                    0x000004af   Thumb Code     0  libinit2.o(.ARM.Collect$$libinit$$00000027)
    __rt_lib_init_user_alloc_1               0x000004af   Thumb Code     0  libinit2.o(.ARM.Collect$$libinit$$0000000E)
    __rt_lib_shutdown                        0x000004b1   Thumb Code     0  libshutdown.o(.ARM.Collect$$libshutdown$$00000000)
    __rt_lib_shutdown_cpp_1                  0x000004b3   Thumb Code     0  libshutdown2.o(.ARM.Collect$$libshutdown$$00000002)
    __rt_lib_shutdown_fp_trap_1              0x000004b3   Thumb Code     0  libshutdown2.o(.ARM.Collect$$libshutdown$$00000007)
    __rt_lib_shutdown_heap_1                 0x000004b3   Thumb Code     0  libshutdown2.o(.ARM.Collect$$libshutdown$$0000000F)
    __rt_lib_shutdown_return                 0x000004b3   Thumb Code     0  libshutdown2.o(.ARM.Collect$$libshutdown$$00000010)
    __rt_lib_shutdown_signal_1               0x000004b3   Thumb Code     0  libshutdown2.o(.ARM.Collect$$libshutdown$$0000000A)
    __rt_lib_shutdown_stdio_1                0x000004b3   Thumb Code     0  libshutdown2.o(.ARM.Collect$$libshutdown$$00000004)
    __rt_lib_shutdown_user_alloc_1           0x000004b3   Thumb Code     0  libshutdown2.o(.ARM.Collect$$libshutdown$$0000000C)
    __rt_entry                               0x000004b5   Thumb Code     0  __rtentry.o(.ARM.Collect$$rtentry$$00000000)
    __rt_entry_presh_1                       0x000004b5   Thumb Code     0  __rtentry2.o(.ARM.Collect$$rtentry$$00000002)
    __rt_entry_sh                            0x000004b5   Thumb Code     0  __rtentry7.o(.ARM.Collect$$rtentry$$00000007)
    __rt_entry_li                            0x000004b9   Thumb Code     0  __rtentry2.o(.ARM.Collect$$rtentry$$0000000A)
    __rt_entry_postsh_1                      0x000004b9   Thumb Code     0  __rtentry2.o(.ARM.Collect$$rtentry$$00000009)
    __rt_entry_main                          0x000004bd   Thumb Code     0  __rtentry2.o(.ARM.Collect$$rtentry$$0000000D)
    __rt_entry_postli_1                      0x000004bd   Thumb Code     0  __rtentry2.o(.ARM.Collect$$rtentry$$0000000C)
    __rt_exit                                0x000004c9   Thumb Code     0  rtexit.o(.ARM.Collect$$rtexit$$00000000)
    __rt_exit_ls                             0x000004cb   Thumb Code     0  rtexit2.o(.ARM.Collect$$rtexit$$00000003)
    __rt_exit_prels_1                        0x000004cb   Thumb Code     0  rtexit2.o(.ARM.Collect$$rtexit$$00000002)
    __rt_exit_exit                           0x000004cf   Thumb Code     0  rtexit2.o(.ARM.Collect$$rtexit$$00000004)
    __RAM_VECTOR_TABLE_SIZE                  0x000004d4   Data           4  startup_s32k144.o(.text)
    __VECTOR_RAM                             0x000004d8   Data           4  startup_s32k144.o(.text)
    __VECTOR_ROM                             0x000004dc   Data           4  startup_s32k144.o(.text)
    __VECTOR_ROM_START                       0x000004e0   Data           4  startup_s32k144.o(.text)
    __VECTOR_ROM_END                         0x000004e4   Data           4  startup_s32k144.o(.text)
    __CODE_ROM                               0x000004e8   Data           4  startup_s32k144.o(.text)
    __CODE_END                               0x000004ec   Data           4  startup_s32k144.o(.text)
    __CODE_RAM                               0x000004f0   Data           4  startup_s32k144.o(.text)
    __CODE_RAM_START                         0x000004f4   Data           4  startup_s32k144.o(.text)
    __CODE_RAM_END                           0x000004f8   Data           4  startup_s32k144.o(.text)
    __BSS_START                              0x000004fc   Data           4  startup_s32k144.o(.text)
    __BSS_END                                0x00000500   Data           4  startup_s32k144.o(.text)
    __DATA_RAM                               0x00000504   Data           4  startup_s32k144.o(.text)
    __DATA_RAM_START                         0x00000508   Data           4  startup_s32k144.o(.text)
    __DATA_RAM_END                           0x0000050c   Data           4  startup_s32k144.o(.text)
    __DATA_ROM                               0x00000510   Data           4  startup_s32k144.o(.text)
    __DATA_END                               0x00000514   Data           4  startup_s32k144.o(.text)
    __CUSTOM_SECTION_START                   0x00000518   Data           4  startup_s32k144.o(.text)
    __CUSTOM_SECTION_END                     0x0000051c   Data           4  startup_s32k144.o(.text)
    __RAM_START                              0x00000520   Data           4  startup_s32k144.o(.text)
    __RAM_END                                0x00000524   Data           4  startup_s32k144.o(.text)
    Reset_Handler                            0x00000529   Thumb Code    28  startup_s32k144.o(.text)
    NMI_Handler                              0x00000545   Thumb Code     2  startup_s32k144.o(.text)
    HardFault_Handler                        0x00000547   Thumb Code     2  startup_s32k144.o(.text)
    MemManage_Handler                        0x00000549   Thumb Code     2  startup_s32k144.o(.text)
    BusFault_Handler                         0x0000054b   Thumb Code     2  startup_s32k144.o(.text)
    UsageFault_Handler                       0x0000054d   Thumb Code     2  startup_s32k144.o(.text)
    SVC_Handler                              0x0000054f   Thumb Code     2  startup_s32k144.o(.text)
    DebugMon_Handler                         0x00000551   Thumb Code     2  startup_s32k144.o(.text)
    PendSV_Handler                           0x00000553   Thumb Code     2  startup_s32k144.o(.text)
    DefaultISR                               0x00000557   Thumb Code     2  startup_s32k144.o(.text)
    ADC0_IRQHandler                          0x00000559   Thumb Code     0  startup_s32k144.o(.text)
    ADC1_IRQHandler                          0x00000559   Thumb Code     0  startup_s32k144.o(.text)
    CAN0_Error_IRQHandler                    0x00000559   Thumb Code     0  startup_s32k144.o(.text)
    CAN0_ORed_0_15_MB_IRQHandler             0x00000559   Thumb Code     0  startup_s32k144.o(.text)
    CAN0_ORed_16_31_MB_IRQHandler            0x00000559   Thumb Code     0  startup_s32k144.o(.text)
    CAN0_ORed_IRQHandler                     0x00000559   Thumb Code     0  startup_s32k144.o(.text)
    CAN0_Wake_Up_IRQHandler                  0x00000559   Thumb Code     0  startup_s32k144.o(.text)
    CAN1_Error_IRQHandler                    0x00000559   Thumb Code     0  startup_s32k144.o(.text)
    CAN1_ORed_0_15_MB_IRQHandler             0x00000559   Thumb Code     0  startup_s32k144.o(.text)
    CAN1_ORed_IRQHandler                     0x00000559   Thumb Code     0  startup_s32k144.o(.text)
    CAN2_Error_IRQHandler                    0x00000559   Thumb Code     0  startup_s32k144.o(.text)
    CAN2_ORed_0_15_MB_IRQHandler             0x00000559   Thumb Code     0  startup_s32k144.o(.text)
    CAN2_ORed_IRQHandler                     0x00000559   Thumb Code     0  startup_s32k144.o(.text)
    CMP0_IRQHandler                          0x00000559   Thumb Code     0  startup_s32k144.o(.text)
    DMA0_IRQHandler                          0x00000559   Thumb Code     0  startup_s32k144.o(.text)
    DMA10_IRQHandler                         0x00000559   Thumb Code     0  startup_s32k144.o(.text)
    DMA11_IRQHandler                         0x00000559   Thumb Code     0  startup_s32k144.o(.text)
    DMA12_IRQHandler                         0x00000559   Thumb Code     0  startup_s32k144.o(.text)
    DMA13_IRQHandler                         0x00000559   Thumb Code     0  startup_s32k144.o(.text)
    DMA14_IRQHandler                         0x00000559   Thumb Code     0  startup_s32k144.o(.text)
    DMA15_IRQHandler                         0x00000559   Thumb Code     0  startup_s32k144.o(.text)
    DMA1_IRQHandler                          0x00000559   Thumb Code     0  startup_s32k144.o(.text)
    DMA2_IRQHandler                          0x00000559   Thumb Code     0  startup_s32k144.o(.text)
    DMA3_IRQHandler                          0x00000559   Thumb Code     0  startup_s32k144.o(.text)
    DMA4_IRQHandler                          0x00000559   Thumb Code     0  startup_s32k144.o(.text)
    DMA5_IRQHandler                          0x00000559   Thumb Code     0  startup_s32k144.o(.text)
    DMA6_IRQHandler                          0x00000559   Thumb Code     0  startup_s32k144.o(.text)
    DMA7_IRQHandler                          0x00000559   Thumb Code     0  startup_s32k144.o(.text)
    DMA8_IRQHandler                          0x00000559   Thumb Code     0  startup_s32k144.o(.text)
    DMA9_IRQHandler                          0x00000559   Thumb Code     0  startup_s32k144.o(.text)
    DMA_Error_IRQHandler                     0x00000559   Thumb Code     0  startup_s32k144.o(.text)
    ERM_double_fault_IRQHandler              0x00000559   Thumb Code     0  startup_s32k144.o(.text)
    ERM_single_fault_IRQHandler              0x00000559   Thumb Code     0  startup_s32k144.o(.text)
    FLEXIO_IRQHandler                        0x00000559   Thumb Code     0  startup_s32k144.o(.text)
    FTFC_Fault_IRQHandler                    0x00000559   Thumb Code     0  startup_s32k144.o(.text)
    FTFC_IRQHandler                          0x00000559   Thumb Code     0  startup_s32k144.o(.text)
    FTM0_Ch0_Ch1_IRQHandler                  0x00000559   Thumb Code     0  startup_s32k144.o(.text)
    FTM0_Ch2_Ch3_IRQHandler                  0x00000559   Thumb Code     0  startup_s32k144.o(.text)
    FTM0_Ch4_Ch5_IRQHandler                  0x00000559   Thumb Code     0  startup_s32k144.o(.text)
    FTM0_Ch6_Ch7_IRQHandler                  0x00000559   Thumb Code     0  startup_s32k144.o(.text)
    FTM0_Fault_IRQHandler                    0x00000559   Thumb Code     0  startup_s32k144.o(.text)
    FTM0_Ovf_Reload_IRQHandler               0x00000559   Thumb Code     0  startup_s32k144.o(.text)
    FTM1_Ch0_Ch1_IRQHandler                  0x00000559   Thumb Code     0  startup_s32k144.o(.text)
    FTM1_Ch2_Ch3_IRQHandler                  0x00000559   Thumb Code     0  startup_s32k144.o(.text)
    FTM1_Ch4_Ch5_IRQHandler                  0x00000559   Thumb Code     0  startup_s32k144.o(.text)
    FTM1_Ch6_Ch7_IRQHandler                  0x00000559   Thumb Code     0  startup_s32k144.o(.text)
    FTM1_Fault_IRQHandler                    0x00000559   Thumb Code     0  startup_s32k144.o(.text)
    FTM1_Ovf_Reload_IRQHandler               0x00000559   Thumb Code     0  startup_s32k144.o(.text)
    FTM2_Ch0_Ch1_IRQHandler                  0x00000559   Thumb Code     0  startup_s32k144.o(.text)
    FTM2_Ch2_Ch3_IRQHandler                  0x00000559   Thumb Code     0  startup_s32k144.o(.text)
    FTM2_Ch4_Ch5_IRQHandler                  0x00000559   Thumb Code     0  startup_s32k144.o(.text)
    FTM2_Ch6_Ch7_IRQHandler                  0x00000559   Thumb Code     0  startup_s32k144.o(.text)
    FTM2_Fault_IRQHandler                    0x00000559   Thumb Code     0  startup_s32k144.o(.text)
    FTM2_Ovf_Reload_IRQHandler               0x00000559   Thumb Code     0  startup_s32k144.o(.text)
    FTM3_Ch0_Ch1_IRQHandler                  0x00000559   Thumb Code     0  startup_s32k144.o(.text)
    FTM3_Ch2_Ch3_IRQHandler                  0x00000559   Thumb Code     0  startup_s32k144.o(.text)
    FTM3_Ch4_Ch5_IRQHandler                  0x00000559   Thumb Code     0  startup_s32k144.o(.text)
    FTM3_Ch6_Ch7_IRQHandler                  0x00000559   Thumb Code     0  startup_s32k144.o(.text)
    FTM3_Fault_IRQHandler                    0x00000559   Thumb Code     0  startup_s32k144.o(.text)
    FTM3_Ovf_Reload_IRQHandler               0x00000559   Thumb Code     0  startup_s32k144.o(.text)
    LPI2C0_Master_IRQHandler                 0x00000559   Thumb Code     0  startup_s32k144.o(.text)
    LPI2C0_Slave_IRQHandler                  0x00000559   Thumb Code     0  startup_s32k144.o(.text)
    LPIT0_Ch0_IRQHandler                     0x00000559   Thumb Code     0  startup_s32k144.o(.text)
    LPIT0_Ch1_IRQHandler                     0x00000559   Thumb Code     0  startup_s32k144.o(.text)
    LPIT0_Ch2_IRQHandler                     0x00000559   Thumb Code     0  startup_s32k144.o(.text)
    LPIT0_Ch3_IRQHandler                     0x00000559   Thumb Code     0  startup_s32k144.o(.text)
    LPSPI0_IRQHandler                        0x00000559   Thumb Code     0  startup_s32k144.o(.text)
    LPSPI1_IRQHandler                        0x00000559   Thumb Code     0  startup_s32k144.o(.text)
    LPSPI2_IRQHandler                        0x00000559   Thumb Code     0  startup_s32k144.o(.text)
    LPTMR0_IRQHandler                        0x00000559   Thumb Code     0  startup_s32k144.o(.text)
    LPUART0_RxTx_IRQHandler                  0x00000559   Thumb Code     0  startup_s32k144.o(.text)
    LPUART2_RxTx_IRQHandler                  0x00000559   Thumb Code     0  startup_s32k144.o(.text)
    LVD_LVW_IRQHandler                       0x00000559   Thumb Code     0  startup_s32k144.o(.text)
    MCM_IRQHandler                           0x00000559   Thumb Code     0  startup_s32k144.o(.text)
    PDB0_IRQHandler                          0x00000559   Thumb Code     0  startup_s32k144.o(.text)
    PDB1_IRQHandler                          0x00000559   Thumb Code     0  startup_s32k144.o(.text)
    PORTA_IRQHandler                         0x00000559   Thumb Code     0  startup_s32k144.o(.text)
    PORTB_IRQHandler                         0x00000559   Thumb Code     0  startup_s32k144.o(.text)
    PORTD_IRQHandler                         0x00000559   Thumb Code     0  startup_s32k144.o(.text)
    PORTE_IRQHandler                         0x00000559   Thumb Code     0  startup_s32k144.o(.text)
    RCM_IRQHandler                           0x00000559   Thumb Code     0  startup_s32k144.o(.text)
    RTC_IRQHandler                           0x00000559   Thumb Code     0  startup_s32k144.o(.text)
    RTC_Seconds_IRQHandler                   0x00000559   Thumb Code     0  startup_s32k144.o(.text)
    Read_Collision_IRQHandler                0x00000559   Thumb Code     0  startup_s32k144.o(.text)
    Reserved100_IRQHandler                   0x00000559   Thumb Code     0  startup_s32k144.o(.text)
    Reserved103_IRQHandler                   0x00000559   Thumb Code     0  startup_s32k144.o(.text)
    Reserved105_IRQHandler                   0x00000559   Thumb Code     0  startup_s32k144.o(.text)
    Reserved106_IRQHandler                   0x00000559   Thumb Code     0  startup_s32k144.o(.text)
    Reserved107_IRQHandler                   0x00000559   Thumb Code     0  startup_s32k144.o(.text)
    Reserved110_IRQHandler                   0x00000559   Thumb Code     0  startup_s32k144.o(.text)
    Reserved112_IRQHandler                   0x00000559   Thumb Code     0  startup_s32k144.o(.text)
    Reserved113_IRQHandler                   0x00000559   Thumb Code     0  startup_s32k144.o(.text)
    Reserved114_IRQHandler                   0x00000559   Thumb Code     0  startup_s32k144.o(.text)
    Reserved45_IRQHandler                    0x00000559   Thumb Code     0  startup_s32k144.o(.text)
    Reserved46_IRQHandler                    0x00000559   Thumb Code     0  startup_s32k144.o(.text)
    Reserved48_IRQHandler                    0x00000559   Thumb Code     0  startup_s32k144.o(.text)
    Reserved50_IRQHandler                    0x00000559   Thumb Code     0  startup_s32k144.o(.text)
    Reserved52_IRQHandler                    0x00000559   Thumb Code     0  startup_s32k144.o(.text)
    Reserved53_IRQHandler                    0x00000559   Thumb Code     0  startup_s32k144.o(.text)
    Reserved54_IRQHandler                    0x00000559   Thumb Code     0  startup_s32k144.o(.text)
    Reserved58_IRQHandler                    0x00000559   Thumb Code     0  startup_s32k144.o(.text)
    Reserved59_IRQHandler                    0x00000559   Thumb Code     0  startup_s32k144.o(.text)
    Reserved69_IRQHandler                    0x00000559   Thumb Code     0  startup_s32k144.o(.text)
    Reserved70_IRQHandler                    0x00000559   Thumb Code     0  startup_s32k144.o(.text)
    Reserved71_IRQHandler                    0x00000559   Thumb Code     0  startup_s32k144.o(.text)
    Reserved72_IRQHandler                    0x00000559   Thumb Code     0  startup_s32k144.o(.text)
    Reserved81_IRQHandler                    0x00000559   Thumb Code     0  startup_s32k144.o(.text)
    Reserved82_IRQHandler                    0x00000559   Thumb Code     0  startup_s32k144.o(.text)
    Reserved83_IRQHandler                    0x00000559   Thumb Code     0  startup_s32k144.o(.text)
    Reserved86_IRQHandler                    0x00000559   Thumb Code     0  startup_s32k144.o(.text)
    Reserved87_IRQHandler                    0x00000559   Thumb Code     0  startup_s32k144.o(.text)
    Reserved88_IRQHandler                    0x00000559   Thumb Code     0  startup_s32k144.o(.text)
    Reserved89_IRQHandler                    0x00000559   Thumb Code     0  startup_s32k144.o(.text)
    Reserved90_IRQHandler                    0x00000559   Thumb Code     0  startup_s32k144.o(.text)
    Reserved91_IRQHandler                    0x00000559   Thumb Code     0  startup_s32k144.o(.text)
    Reserved92_IRQHandler                    0x00000559   Thumb Code     0  startup_s32k144.o(.text)
    Reserved93_IRQHandler                    0x00000559   Thumb Code     0  startup_s32k144.o(.text)
    Reserved99_IRQHandler                    0x00000559   Thumb Code     0  startup_s32k144.o(.text)
    SCG_IRQHandler                           0x00000559   Thumb Code     0  startup_s32k144.o(.text)
    SWI_IRQHandler                           0x00000559   Thumb Code     0  startup_s32k144.o(.text)
    WDOG_EWM_IRQHandler                      0x00000559   Thumb Code     0  startup_s32k144.o(.text)
    exit                                     0x00000571   Thumb Code    18  exit.o(.text)
    __I$use$semihosting                      0x00000583   Thumb Code     0  use_no_semi.o(.text)
    __use_no_semihosting_swi                 0x00000583   Thumb Code     2  use_no_semi.o(.text)
    __semihosting_library_function           0x00000585   Thumb Code     0  indicate_semi.o(.text)
    _sys_exit                                0x00000585   Thumb Code     8  sys_exit.o(.text)
    Buffer_init                              0x00000591   Thumb Code    28  lpuart.o(.text.Buffer_init)
    Ggio_blinkLed                            0x000005ad   Thumb Code   110  gpio.o(.text.Ggio_blinkLed)
    Ggio_blinkLed_Blue                       0x0000061d   Thumb Code    20  gpio.o(.text.Ggio_blinkLed_Blue)
    Gpio_ClearPinValue                       0x00000631   Thumb Code    26  gpio.o(.text.Gpio_ClearPinValue)
    Gpio_GetPinValue                         0x0000064d   Thumb Code    22  gpio.o(.text.Gpio_GetPinValue)
    Gpio_SetPinValue                         0x00000665   Thumb Code    28  gpio.o(.text.Gpio_SetPinValue)
    Gpio_TogglePinValue                      0x00000681   Thumb Code    28  gpio.o(.text.Gpio_TogglePinValue)
    Gpio_init                                0x0000069d   Thumb Code   278  gpio.o(.text.Gpio_init)
    Gpio_ledOff                              0x000007b5   Thumb Code    48  gpio.o(.text.Gpio_ledOff)
    Gpio_switchColor                         0x000007e5   Thumb Code    78  gpio.o(.text.Gpio_switchColor)
    LPUART1_RxTx_IRQHandler                  0x00000835   Thumb Code    28  lpuart.o(.text.LPUART1_RxTx_IRQHandler)
    Lpsi_clockBlinking                       0x00000851   Thumb Code   172  spi.o(.text.Lpsi_clockBlinking)
    Lpsi_clockIncrease                       0x000008fd   Thumb Code   284  spi.o(.text.Lpsi_clockIncrease)
    Lpsi_hourIncrease                        0x00000a19   Thumb Code   112  spi.o(.text.Lpsi_hourIncrease)
    Lpsi_minuteIncrease                      0x00000a89   Thumb Code    86  spi.o(.text.Lpsi_minuteIncrease)
    Lpspi_AlarmInit                          0x00000ae1   Thumb Code    92  spi.o(.text.Lpspi_AlarmInit)
    Lpspi_AlarmSend                          0x00000b3d   Thumb Code    80  spi.o(.text.Lpspi_AlarmSend)
    Lpspi_Alarmshow                          0x00000b8d   Thumb Code    28  spi.o(.text.Lpspi_Alarmshow)
    Lpspi_checkAlarmOff                      0x00000ba9   Thumb Code   182  spi.o(.text.Lpspi_checkAlarmOff)
    Lpspi_clockSet                           0x00000c61   Thumb Code   384  spi.o(.text.Lpspi_clockSet)
    Lpspi_init                               0x00000de1   Thumb Code   238  spi.o(.text.Lpspi_init)
    Lpspi_sendChar                           0x00000ed1   Thumb Code    44  spi.o(.text.Lpspi_sendChar)
    PORTC_IRQHandler                         0x00000efd   Thumb Code    88  gpio_isr.o(.text.PORTC_IRQHandler)
    Softtimer_Init                           0x00000f55   Thumb Code    94  softtimer.o(.text.Softtimer_Init)
    Softtimer_MainFunction                   0x00000fb5   Thumb Code   100  softtimer.o(.text.Softtimer_MainFunction)
    Softtimer_StartTimer                     0x00001019   Thumb Code    60  softtimer.o(.text.Softtimer_StartTimer)
    SysTick_Handler                          0x00001055   Thumb Code    16  softtimer.o(.text.SysTick_Handler)
    SystemInit                               0x00001065   Thumb Code    82  system_s32k144.o(.text.SystemInit)
    Uart_ReceiveData                         0x000010b9   Thumb Code   256  lpuart.o(.text.Uart_ReceiveData)
    Uart_RxMainFunction                      0x000011b9   Thumb Code    72  lpuart.o(.text.Uart_RxMainFunction)
    Uart_Transmit                            0x00001201   Thumb Code   136  lpuart.o(.text.Uart_Transmit)
    Uart_TxMainFunction                      0x00001289   Thumb Code    96  lpuart.o(.text.Uart_TxMainFunction)
    Uart_init                                0x000012e9   Thumb Code   172  lpuart.o(.text.Uart_init)
    init_data_bss                            0x00001395   Thumb Code   160  startup.o(.text.init_data_bss)
    main                                     0x00001435   Thumb Code   464  main.o(.text.main)
    _fp_init                                 0x00001605   Thumb Code    26  fpinit.o(x$fpl$fpinit)
    __fplib_config_fpu_vfp                   0x0000161d   Thumb Code     0  fpinit.o(x$fpl$fpinit)
    __fplib_config_pureend_doubles           0x0000161d   Thumb Code     0  fpinit.o(x$fpl$fpinit)
    Region$$Table$$Base                      0x00001620   Number         0  anon$$obj.o(Region$$Table)
    Image$$ER_m_text$$Limit                  0x00001640   Number         0  anon$$obj.o ABSOLUTE
    Region$$Table$$Limit                     0x00001640   Number         0  anon$$obj.o(Region$$Table)
    Image$$VECTOR_RAM$$Base                  0x1fff8000   Number         0  anon$$obj.o ABSOLUTE
    Image$$RW_m_data$$Base                   0x1fff8400   Number         0  anon$$obj.o ABSOLUTE
    tmp_color                                0x1fff8402   Data           1  gpio.o(.data.tmp_color)
    Image$$RW_m_code$$Base                   0x1fff8408   Number         0  anon$$obj.o ABSOLUTE
    Image$$RW_m_code$$Limit                  0x1fff8408   Number         0  anon$$obj.o ABSOLUTE
    Image$$RW_m_data$$Limit                  0x1fff8408   Number         0  anon$$obj.o ABSOLUTE
    Image$$RW_m_custom_section$$Base         0x20000000   Number         0  anon$$obj.o ABSOLUTE
    Image$$RW_m_custom_section$$Limit        0x20000000   Number         0  anon$$obj.o ABSOLUTE
    Image$$RW_m_data_2$$ZI$$Base             0x20000000   Number         0  anon$$obj.o ABSOLUTE
    alarm                                    0x2000000c   Data          16  spi.o(.bss.alarm)
    clockDummy                               0x2000001c   Data          16  spi.o(.bss.clockDummy)
    rxBuffer                                 0x2000002c   Data         112  lpuart.o(.bss.rxBuffer)
    stateClock                               0x200000fc   Data           1  main.o(.bss.stateClock)
    timeCounterMs                            0x20000100   Data           4  softtimer.o(.bss.timeCounterMs)
    tmp_alarm                                0x20000104   Data          16  spi.o(.bss.tmp_alarm)
    txBuffer                                 0x20000114   Data         104  lpuart.o(.bss.txBuffer)
    Image$$ARM_LIB_HEAP$$ZI$$Base            0x20000180   Number         0  anon$$obj.o ABSOLUTE
    Image$$RW_m_data_2$$ZI$$Limit            0x20000180   Number         0  anon$$obj.o ABSOLUTE
    Image$$ARM_LIB_HEAP$$ZI$$Limit           0x20000580   Number         0  anon$$obj.o ABSOLUTE
    Image$$ARM_LIB_STACK$$Limit              0x20006c00   Number         0  anon$$obj.o ABSOLUTE
    Image$$ARM_LIB_STACK$$ZI$$Limit          0x20007000   Number         0  anon$$obj.o ABSOLUTE



==============================================================================

Memory Map of the image

  Image Entry point : 0x00000435

  Load Region LR_m_text (Base: 0x00000000, Size: 0x00001648, Max: 0x00080000, ABSOLUTE)

    Execution Region VECTOR_ROM (Exec base: 0x00000000, Load base: 0x00000000, Size: 0x00000230, Max: 0x00000400, ABSOLUTE)

    Exec Addr    Load Addr    Size         Type   Attr      Idx    E Section Name        Object

    0x00000000   0x00000000   0x00000230   Data   RO          150    RESET               startup_s32k144.o


    Execution Region ER_m_flash_config (Exec base: 0x00000400, Load base: 0x00000400, Size: 0x00000010, Max: 0x00000010, ABSOLUTE, FIXED)

    Exec Addr    Load Addr    Size         Type   Attr      Idx    E Section Name        Object

    0x00000400   0x00000400   0x00000010   Data   RO          151    FlashConfig         startup_s32k144.o


    Execution Region ER_m_text_const (Exec base: 0x00000410, Load base: 0x00000410, Size: 0x00000024, Max: 0xffffffff, ABSOLUTE)

    Exec Addr    Load Addr    Size         Type   Attr      Idx    E Section Name        Object

    0x00000410   0x00000410   0x00000004   Data   RO          143    .rodata.s_vectors   startup.o
    0x00000414   0x00000414   0x0000001f   Data   RO           48    .rodata.str1.1      main.o


    Execution Region ER_m_text (Exec base: 0x00000434, Load base: 0x00000434, Size: 0x0000120c, Max: 0x0007fbf0, ABSOLUTE)

    Exec Addr    Load Addr    Size         Type   Attr      Idx    E Section Name        Object

    0x00000434   0x00000434   0x00000008   Code   RO          174  * !!!main             c_w.l(__main.o)
    0x0000043c   0x0000043c   0x00000034   Code   RO          352    !!!scatter          c_w.l(__scatter.o)
    0x00000470   0x00000470   0x0000001a   Code   RO          354    !!handler_copy      c_w.l(__scatter_copy.o)
    0x0000048a   0x0000048a   0x00000002   PAD
    0x0000048c   0x0000048c   0x0000001c   Code   RO          356    !!handler_zi        c_w.l(__scatter_zi.o)
    0x000004a8   0x000004a8   0x00000002   Code   RO          206    .ARM.Collect$$libinit$$00000000  c_w.l(libinit.o)
    0x000004aa   0x000004aa   0x00000004   Code   RO          216    .ARM.Collect$$libinit$$00000001  c_w.l(libinit2.o)
    0x000004ae   0x000004ae   0x00000000   Code   RO          219    .ARM.Collect$$libinit$$00000004  c_w.l(libinit2.o)
    0x000004ae   0x000004ae   0x00000000   Code   RO          221    .ARM.Collect$$libinit$$00000006  c_w.l(libinit2.o)
    0x000004ae   0x000004ae   0x00000000   Code   RO          224    .ARM.Collect$$libinit$$0000000C  c_w.l(libinit2.o)
    0x000004ae   0x000004ae   0x00000000   Code   RO          226    .ARM.Collect$$libinit$$0000000E  c_w.l(libinit2.o)
    0x000004ae   0x000004ae   0x00000000   Code   RO          228    .ARM.Collect$$libinit$$00000010  c_w.l(libinit2.o)
    0x000004ae   0x000004ae   0x00000000   Code   RO          231    .ARM.Collect$$libinit$$00000013  c_w.l(libinit2.o)
    0x000004ae   0x000004ae   0x00000000   Code   RO          233    .ARM.Collect$$libinit$$00000015  c_w.l(libinit2.o)
    0x000004ae   0x000004ae   0x00000000   Code   RO          235    .ARM.Collect$$libinit$$00000017  c_w.l(libinit2.o)
    0x000004ae   0x000004ae   0x00000000   Code   RO          237    .ARM.Collect$$libinit$$00000019  c_w.l(libinit2.o)
    0x000004ae   0x000004ae   0x00000000   Code   RO          239    .ARM.Collect$$libinit$$0000001B  c_w.l(libinit2.o)
    0x000004ae   0x000004ae   0x00000000   Code   RO          241    .ARM.Collect$$libinit$$0000001D  c_w.l(libinit2.o)
    0x000004ae   0x000004ae   0x00000000   Code   RO          243    .ARM.Collect$$libinit$$0000001F  c_w.l(libinit2.o)
    0x000004ae   0x000004ae   0x00000000   Code   RO          245    .ARM.Collect$$libinit$$00000021  c_w.l(libinit2.o)
    0x000004ae   0x000004ae   0x00000000   Code   RO          247    .ARM.Collect$$libinit$$00000023  c_w.l(libinit2.o)
    0x000004ae   0x000004ae   0x00000000   Code   RO          249    .ARM.Collect$$libinit$$00000025  c_w.l(libinit2.o)
    0x000004ae   0x000004ae   0x00000000   Code   RO          251    .ARM.Collect$$libinit$$00000027  c_w.l(libinit2.o)
    0x000004ae   0x000004ae   0x00000000   Code   RO          255    .ARM.Collect$$libinit$$0000002E  c_w.l(libinit2.o)
    0x000004ae   0x000004ae   0x00000000   Code   RO          257    .ARM.Collect$$libinit$$00000030  c_w.l(libinit2.o)
    0x000004ae   0x000004ae   0x00000000   Code   RO          259    .ARM.Collect$$libinit$$00000032  c_w.l(libinit2.o)
    0x000004ae   0x000004ae   0x00000000   Code   RO          261    .ARM.Collect$$libinit$$00000034  c_w.l(libinit2.o)
    0x000004ae   0x000004ae   0x00000002   Code   RO          262    .ARM.Collect$$libinit$$00000035  c_w.l(libinit2.o)
    0x000004b0   0x000004b0   0x00000002   Code   RO          291    .ARM.Collect$$libshutdown$$00000000  c_w.l(libshutdown.o)
    0x000004b2   0x000004b2   0x00000000   Code   RO          303    .ARM.Collect$$libshutdown$$00000002  c_w.l(libshutdown2.o)
    0x000004b2   0x000004b2   0x00000000   Code   RO          305    .ARM.Collect$$libshutdown$$00000004  c_w.l(libshutdown2.o)
    0x000004b2   0x000004b2   0x00000000   Code   RO          308    .ARM.Collect$$libshutdown$$00000007  c_w.l(libshutdown2.o)
    0x000004b2   0x000004b2   0x00000000   Code   RO          311    .ARM.Collect$$libshutdown$$0000000A  c_w.l(libshutdown2.o)
    0x000004b2   0x000004b2   0x00000000   Code   RO          313    .ARM.Collect$$libshutdown$$0000000C  c_w.l(libshutdown2.o)
    0x000004b2   0x000004b2   0x00000000   Code   RO          316    .ARM.Collect$$libshutdown$$0000000F  c_w.l(libshutdown2.o)
    0x000004b2   0x000004b2   0x00000002   Code   RO          317    .ARM.Collect$$libshutdown$$00000010  c_w.l(libshutdown2.o)
    0x000004b4   0x000004b4   0x00000000   Code   RO          176    .ARM.Collect$$rtentry$$00000000  c_w.l(__rtentry.o)
    0x000004b4   0x000004b4   0x00000000   Code   RO          178    .ARM.Collect$$rtentry$$00000002  c_w.l(__rtentry2.o)
    0x000004b4   0x000004b4   0x00000004   Code   RO          192    .ARM.Collect$$rtentry$$00000007  c_w.l(__rtentry7.o)
    0x000004b8   0x000004b8   0x00000000   Code   RO          180    .ARM.Collect$$rtentry$$00000009  c_w.l(__rtentry2.o)
    0x000004b8   0x000004b8   0x00000004   Code   RO          181    .ARM.Collect$$rtentry$$0000000A  c_w.l(__rtentry2.o)
    0x000004bc   0x000004bc   0x00000000   Code   RO          183    .ARM.Collect$$rtentry$$0000000C  c_w.l(__rtentry2.o)
    0x000004bc   0x000004bc   0x00000008   Code   RO          184    .ARM.Collect$$rtentry$$0000000D  c_w.l(__rtentry2.o)
    0x000004c4   0x000004c4   0x00000004   Code   RO          193    .ARM.Collect$$rtentry$$00002718  c_w.l(__rtentry7.o)
    0x000004c8   0x000004c8   0x00000002   Code   RO          214    .ARM.Collect$$rtexit$$00000000  c_w.l(rtexit.o)
    0x000004ca   0x000004ca   0x00000000   Code   RO          271    .ARM.Collect$$rtexit$$00000002  c_w.l(rtexit2.o)
    0x000004ca   0x000004ca   0x00000004   Code   RO          272    .ARM.Collect$$rtexit$$00000003  c_w.l(rtexit2.o)
    0x000004ce   0x000004ce   0x00000006   Code   RO          273    .ARM.Collect$$rtexit$$00000004  c_w.l(rtexit2.o)
    0x000004d4   0x000004d4   0x0000009c   Code   RO          149    .text               startup_s32k144.o
    0x00000570   0x00000570   0x00000012   Code   RO          199    .text               c_w.l(exit.o)
    0x00000582   0x00000582   0x00000002   Code   RO          267    .text               c_w.l(use_no_semi.o)
    0x00000584   0x00000584   0x00000000   Code   RO          269    .text               c_w.l(indicate_semi.o)
    0x00000584   0x00000584   0x0000000c   Code   RO          281    .text               c_w.l(sys_exit.o)
    0x00000590   0x00000590   0x0000001c   Code   RO           77    .text.Buffer_init   lpuart.o
    0x000005ac   0x000005ac   0x0000006e   Code   RO           15    .text.Ggio_blinkLed  gpio.o
    0x0000061a   0x0000061a   0x00000002   PAD
    0x0000061c   0x0000061c   0x00000014   Code   RO           19    .text.Ggio_blinkLed_Blue  gpio.o
    0x00000630   0x00000630   0x0000001a   Code   RO            9    .text.Gpio_ClearPinValue  gpio.o
    0x0000064a   0x0000064a   0x00000002   PAD
    0x0000064c   0x0000064c   0x00000016   Code   RO           25    .text.Gpio_GetPinValue  gpio.o
    0x00000662   0x00000662   0x00000002   PAD
    0x00000664   0x00000664   0x0000001c   Code   RO            7    .text.Gpio_SetPinValue  gpio.o
    0x00000680   0x00000680   0x0000001c   Code   RO           21    .text.Gpio_TogglePinValue  gpio.o
    0x0000069c   0x0000069c   0x00000116   Code   RO            5    .text.Gpio_init     gpio.o
    0x000007b2   0x000007b2   0x00000002   PAD
    0x000007b4   0x000007b4   0x00000030   Code   RO           13    .text.Gpio_ledOff   gpio.o
    0x000007e4   0x000007e4   0x0000004e   Code   RO           17    .text.Gpio_switchColor  gpio.o
    0x00000832   0x00000832   0x00000002   PAD
    0x00000834   0x00000834   0x0000001c   Code   RO           91    .text.LPUART1_RxTx_IRQHandler  lpuart.o
    0x00000850   0x00000850   0x000000ac   Code   RO          127    .text.Lpsi_clockBlinking  spi.o
    0x000008fc   0x000008fc   0x0000011c   Code   RO          111    .text.Lpsi_clockIncrease  spi.o
    0x00000a18   0x00000a18   0x00000070   Code   RO          123    .text.Lpsi_hourIncrease  spi.o
    0x00000a88   0x00000a88   0x00000056   Code   RO          121    .text.Lpsi_minuteIncrease  spi.o
    0x00000ade   0x00000ade   0x00000002   PAD
    0x00000ae0   0x00000ae0   0x0000005c   Code   RO          125    .text.Lpspi_AlarmInit  spi.o
    0x00000b3c   0x00000b3c   0x00000050   Code   RO          117    .text.Lpspi_AlarmSend  spi.o
    0x00000b8c   0x00000b8c   0x0000001c   Code   RO          115    .text.Lpspi_Alarmshow  spi.o
    0x00000ba8   0x00000ba8   0x000000b6   Code   RO          113    .text.Lpspi_checkAlarmOff  spi.o
    0x00000c5e   0x00000c5e   0x00000002   PAD
    0x00000c60   0x00000c60   0x00000180   Code   RO          119    .text.Lpspi_clockSet  spi.o
    0x00000de0   0x00000de0   0x000000ee   Code   RO          107    .text.Lpspi_init    spi.o
    0x00000ece   0x00000ece   0x00000002   PAD
    0x00000ed0   0x00000ed0   0x0000002c   Code   RO          109    .text.Lpspi_sendChar  spi.o
    0x00000efc   0x00000efc   0x00000058   Code   RO           35    .text.PORTC_IRQHandler  gpio_isr.o
    0x00000f54   0x00000f54   0x0000005e   Code   RO           56    .text.Softtimer_Init  softtimer.o
    0x00000fb2   0x00000fb2   0x00000002   PAD
    0x00000fb4   0x00000fb4   0x00000064   Code   RO           62    .text.Softtimer_MainFunction  softtimer.o
    0x00001018   0x00001018   0x0000003c   Code   RO           58    .text.Softtimer_StartTimer  softtimer.o
    0x00001054   0x00001054   0x00000010   Code   RO           64    .text.SysTick_Handler  softtimer.o
    0x00001064   0x00001064   0x00000052   Code   RO          158    .text.SystemInit    system_s32k144.o
    0x000010b6   0x000010b6   0x00000002   PAD
    0x000010b8   0x000010b8   0x00000100   Code   RO           87    .text.Uart_ReceiveData  lpuart.o
    0x000011b8   0x000011b8   0x00000048   Code   RO           85    .text.Uart_RxMainFunction  lpuart.o
    0x00001200   0x00001200   0x00000088   Code   RO           79    .text.Uart_Transmit  lpuart.o
    0x00001288   0x00001288   0x00000060   Code   RO           81    .text.Uart_TxMainFunction  lpuart.o
    0x000012e8   0x000012e8   0x000000ac   Code   RO           75    .text.Uart_init     lpuart.o
    0x00001394   0x00001394   0x000000a0   Code   RO          141    .text.init_data_bss  startup.o
    0x00001434   0x00001434   0x000001d0   Code   RO           44    .text.main          main.o
    0x00001604   0x00001604   0x0000001a   Code   RO          279    x$fpl$fpinit        fz_wm.l(fpinit.o)
    0x0000161e   0x0000161e   0x00000002   PAD
    0x00001620   0x00001620   0x00000020   Data   RO          351    Region$$Table       anon$$obj.o


    Execution Region VECTOR_RAM (Exec base: 0x1fff8000, Load base: 0x00000230, Size: 0x00000400, Max: 0x00000400, ABSOLUTE)

    Exec Addr    Load Addr    Size         Type   Attr      Idx    E Section Name        Object

    0x1fff8000        -       0x00000400   Zero   RW            1    VECTOR_RAM.bss      anon$$obj.o


    Execution Region RW_m_data (Exec base: 0x1fff8400, Load base: 0x00001640, Size: 0x00000008, Max: 0xffffffff, ABSOLUTE)

    Exec Addr    Load Addr    Size         Type   Attr      Idx    E Section Name        Object

    0x1fff8400   0x00001640   0x00000002   Data   RW          130    .data.pos           spi.o
    0x1fff8402   0x00001642   0x00000001   Data   RW           27    .data.tmp_color     gpio.o
    0x1fff8403   0x00001643   0x00000001   Data   RW           94    .data.u1_ReceiveState  lpuart.o
    0x1fff8404   0x00001644   0x00000001   Data   RW           93    .data.u1_TransmitState  lpuart.o


    Execution Region RW_m_code (Exec base: 0x1fff8408, Load base: 0x00001648, Size: 0x00000000, Max: 0x00007c00, ABSOLUTE)

    **** No section assigned to this execution region ****


    Execution Region RW_m_custom_section (Exec base: 0x20000000, Load base: 0x00001648, Size: 0x00000000, Max: 0xffffffff, ABSOLUTE)

    **** No section assigned to this execution region ****


    Execution Region RW_m_data_2 (Exec base: 0x20000000, Load base: 0x00001648, Size: 0x00000180, Max: 0x00006800, ABSOLUTE)

    Exec Addr    Load Addr    Size         Type   Attr      Idx    E Section Name        Object

    0x20000000        -       0x00000001   Zero   RW          132    .bss.Lpsi_clockBlinking.blinkState  spi.o
    0x20000001   0x00001648   0x00000003   PAD
    0x20000004        -       0x00000004   Zero   RW           97    .bss.Uart_Transmit.u4_LenCount  lpuart.o
    0x20000008        -       0x00000004   Zero   RW           98    .bss.Uart_TxMainFunction.u4_BufferCount  lpuart.o
    0x2000000c        -       0x00000010   Zero   RW          129    .bss.alarm          spi.o
    0x2000001c        -       0x00000010   Zero   RW          133    .bss.clockDummy     spi.o
    0x2000002c        -       0x00000070   Zero   RW           96    .bss.rxBuffer       lpuart.o
    0x2000009c        -       0x00000060   Zero   RW           47    .bss.softTimer      main.o
    0x200000fc        -       0x00000001   Zero   RW           46    .bss.stateClock     main.o
    0x200000fd   0x00001648   0x00000003   PAD
    0x20000100        -       0x00000004   Zero   RW           66    .bss.timeCounterMs  softtimer.o
    0x20000104        -       0x00000010   Zero   RW          131    .bss.tmp_alarm      spi.o
    0x20000114        -       0x00000068   Zero   RW           95    .bss.txBuffer       lpuart.o
    0x2000017c        -       0x00000004   Zero   RW           99    .bss.u4_ReceiveLength  lpuart.o


    Execution Region ARM_LIB_HEAP (Exec base: 0x20000180, Load base: 0x00001648, Size: 0x00000400, Max: 0x00000400, ABSOLUTE)

    Exec Addr    Load Addr    Size         Type   Attr      Idx    E Section Name        Object

    0x20000180        -       0x00000400   Zero   RW            2    ARM_LIB_HEAP.bss    anon$$obj.o


    Execution Region ARM_LIB_STACK (Exec base: 0x20006c00, Load base: 0x00001648, Size: 0x00000400, Max: 0x00000400, ABSOLUTE)

    Exec Addr    Load Addr    Size         Type   Attr      Idx    E Section Name        Object

    0x20006c00        -       0x00000400   Zero   RW            3    ARM_LIB_STACK.bss   anon$$obj.o


==============================================================================

Image component sizes


      Code (inc. data)   RO Data    RW Data    ZI Data      Debug   Object Name

       638          0          0          1          0       2735   gpio.o
        88          0          0          0          0        784   gpio_isr.o
       788          0          0          2        228       3069   lpuart.o
       464          0         31          0         97       1091   main.o
       270          0          0          0          4       1674   softtimer.o
      1702          0          0          2         49       3564   spi.o
       160          0          4          0          0       1051   startup.o
       156        106        576          0          0        908   startup_s32k144.o
        82          0          0          0          0       2820   system_s32k144.o

    ----------------------------------------------------------------------
      4368        106        644          8       3456      17696   Object Totals
         0          0         32          0       3072          0   (incl. Generated)
        20          0          1          3          6          0   (incl. Padding)

    ----------------------------------------------------------------------

      Code (inc. data)   RO Data    RW Data    ZI Data      Debug   Library Member Name

         8          0          0          0          0         68   __main.o
         0          0          0          0          0          0   __rtentry.o
        12          0          0          0          0          0   __rtentry2.o
         8          4          0          0          0          0   __rtentry7.o
        52          8          0          0          0          0   __scatter.o
        26          0          0          0          0          0   __scatter_copy.o
        28          0          0          0          0          0   __scatter_zi.o
        18          0          0          0          0         80   exit.o
         0          0          0          0          0          0   indicate_semi.o
         2          0          0          0          0          0   libinit.o
         6          0          0          0          0          0   libinit2.o
         2          0          0          0          0          0   libshutdown.o
         2          0          0          0          0          0   libshutdown2.o
         2          0          0          0          0          0   rtexit.o
        10          0          0          0          0          0   rtexit2.o
        12          4          0          0          0         68   sys_exit.o
         2          0          0          0          0         68   use_no_semi.o
        26          0          0          0          0        116   fpinit.o

    ----------------------------------------------------------------------
       220         16          0          0          0        400   Library Totals
         4          0          0          0          0          0   (incl. Padding)

    ----------------------------------------------------------------------

      Code (inc. data)   RO Data    RW Data    ZI Data      Debug   Library Name

       190         16          0          0          0        284   c_w.l
        26          0          0          0          0        116   fz_wm.l

    ----------------------------------------------------------------------
       220         16          0          0          0        400   Library Totals

    ----------------------------------------------------------------------

==============================================================================


      Code (inc. data)   RO Data    RW Data    ZI Data      Debug   

      4588        122        644          8       3456      17956   Grand Totals
      4588        122        644          8       3456      17956   ELF Image Totals
      4588        122        644          8          0          0   ROM Totals

==============================================================================

    Total RO  Size (Code + RO Data)                 5232 (   5.11kB)
    Total RW  Size (RW Data + ZI Data)              3464 (   3.38kB)
    Total ROM Size (Code + RO Data + RW Data)       5240 (   5.12kB)

==============================================================================

